Archive member included to satisfy reference by file (symbol)

/opt/st/stm32cubeide_1.10.1/plugins/com.st.stm32cube.ide.mcu.externaltools.gnu-tools-for-stm32.10.3-2021.10.linux64_1.0.0.202111181127/tools/bin/../lib/gcc/arm-none-eabi/10.3.1/../../../../arm-none-eabi/lib/thumb/v7e-m+fp/hard/libc_nano.a(lib_a-errno.o)
                              ./Core/Src/syscalls.o (__errno)
/opt/st/stm32cubeide_1.10.1/plugins/com.st.stm32cube.ide.mcu.externaltools.gnu-tools-for-stm32.10.3-2021.10.linux64_1.0.0.202111181127/tools/bin/../lib/gcc/arm-none-eabi/10.3.1/../../../../arm-none-eabi/lib/thumb/v7e-m+fp/hard/libc_nano.a(lib_a-exit.o)
                              /opt/st/stm32cubeide_1.10.1/plugins/com.st.stm32cube.ide.mcu.externaltools.gnu-tools-for-stm32.10.3-2021.10.linux64_1.0.0.202111181127/tools/bin/../lib/gcc/arm-none-eabi/10.3.1/../../../../arm-none-eabi/lib/thumb/v7e-m+fp/hard/crt0.o (exit)
/opt/st/stm32cubeide_1.10.1/plugins/com.st.stm32cube.ide.mcu.externaltools.gnu-tools-for-stm32.10.3-2021.10.linux64_1.0.0.202111181127/tools/bin/../lib/gcc/arm-none-eabi/10.3.1/../../../../arm-none-eabi/lib/thumb/v7e-m+fp/hard/libc_nano.a(lib_a-impure.o)
                              /opt/st/stm32cubeide_1.10.1/plugins/com.st.stm32cube.ide.mcu.externaltools.gnu-tools-for-stm32.10.3-2021.10.linux64_1.0.0.202111181127/tools/bin/../lib/gcc/arm-none-eabi/10.3.1/../../../../arm-none-eabi/lib/thumb/v7e-m+fp/hard/libc_nano.a(lib_a-exit.o) (_global_impure_ptr)
/opt/st/stm32cubeide_1.10.1/plugins/com.st.stm32cube.ide.mcu.externaltools.gnu-tools-for-stm32.10.3-2021.10.linux64_1.0.0.202111181127/tools/bin/../lib/gcc/arm-none-eabi/10.3.1/../../../../arm-none-eabi/lib/thumb/v7e-m+fp/hard/libc_nano.a(lib_a-init.o)
                              /opt/st/stm32cubeide_1.10.1/plugins/com.st.stm32cube.ide.mcu.externaltools.gnu-tools-for-stm32.10.3-2021.10.linux64_1.0.0.202111181127/tools/bin/../lib/gcc/arm-none-eabi/10.3.1/../../../../arm-none-eabi/lib/thumb/v7e-m+fp/hard/crt0.o (__libc_init_array)
/opt/st/stm32cubeide_1.10.1/plugins/com.st.stm32cube.ide.mcu.externaltools.gnu-tools-for-stm32.10.3-2021.10.linux64_1.0.0.202111181127/tools/bin/../lib/gcc/arm-none-eabi/10.3.1/../../../../arm-none-eabi/lib/thumb/v7e-m+fp/hard/libc_nano.a(lib_a-memcpy-stub.o)
                              ./Core/Src/main.o (memcpy)
/opt/st/stm32cubeide_1.10.1/plugins/com.st.stm32cube.ide.mcu.externaltools.gnu-tools-for-stm32.10.3-2021.10.linux64_1.0.0.202111181127/tools/bin/../lib/gcc/arm-none-eabi/10.3.1/../../../../arm-none-eabi/lib/thumb/v7e-m+fp/hard/libc_nano.a(lib_a-memset.o)
                              /opt/st/stm32cubeide_1.10.1/plugins/com.st.stm32cube.ide.mcu.externaltools.gnu-tools-for-stm32.10.3-2021.10.linux64_1.0.0.202111181127/tools/bin/../lib/gcc/arm-none-eabi/10.3.1/../../../../arm-none-eabi/lib/thumb/v7e-m+fp/hard/crt0.o (memset)
/opt/st/stm32cubeide_1.10.1/plugins/com.st.stm32cube.ide.mcu.externaltools.gnu-tools-for-stm32.10.3-2021.10.linux64_1.0.0.202111181127/tools/bin/../lib/gcc/arm-none-eabi/10.3.1/thumb/v7e-m+fp/hard/libgcc.a(_aeabi_uldivmod.o)
                              ./Drivers/STM32F4xx_HAL_Driver/Src/stm32f4xx_hal_rcc.o (__aeabi_uldivmod)
/opt/st/stm32cubeide_1.10.1/plugins/com.st.stm32cube.ide.mcu.externaltools.gnu-tools-for-stm32.10.3-2021.10.linux64_1.0.0.202111181127/tools/bin/../lib/gcc/arm-none-eabi/10.3.1/thumb/v7e-m+fp/hard/libgcc.a(_udivmoddi4.o)
                              /opt/st/stm32cubeide_1.10.1/plugins/com.st.stm32cube.ide.mcu.externaltools.gnu-tools-for-stm32.10.3-2021.10.linux64_1.0.0.202111181127/tools/bin/../lib/gcc/arm-none-eabi/10.3.1/thumb/v7e-m+fp/hard/libgcc.a(_aeabi_uldivmod.o) (__udivmoddi4)
/opt/st/stm32cubeide_1.10.1/plugins/com.st.stm32cube.ide.mcu.externaltools.gnu-tools-for-stm32.10.3-2021.10.linux64_1.0.0.202111181127/tools/bin/../lib/gcc/arm-none-eabi/10.3.1/thumb/v7e-m+fp/hard/libgcc.a(_dvmd_tls.o)
                              /opt/st/stm32cubeide_1.10.1/plugins/com.st.stm32cube.ide.mcu.externaltools.gnu-tools-for-stm32.10.3-2021.10.linux64_1.0.0.202111181127/tools/bin/../lib/gcc/arm-none-eabi/10.3.1/thumb/v7e-m+fp/hard/libgcc.a(_aeabi_uldivmod.o) (__aeabi_ldiv0)

Discarded input sections

 .text          0x0000000000000000        0x0 /opt/st/stm32cubeide_1.10.1/plugins/com.st.stm32cube.ide.mcu.externaltools.gnu-tools-for-stm32.10.3-2021.10.linux64_1.0.0.202111181127/tools/bin/../lib/gcc/arm-none-eabi/10.3.1/thumb/v7e-m+fp/hard/crti.o
 .data          0x0000000000000000        0x0 /opt/st/stm32cubeide_1.10.1/plugins/com.st.stm32cube.ide.mcu.externaltools.gnu-tools-for-stm32.10.3-2021.10.linux64_1.0.0.202111181127/tools/bin/../lib/gcc/arm-none-eabi/10.3.1/thumb/v7e-m+fp/hard/crti.o
 .bss           0x0000000000000000        0x0 /opt/st/stm32cubeide_1.10.1/plugins/com.st.stm32cube.ide.mcu.externaltools.gnu-tools-for-stm32.10.3-2021.10.linux64_1.0.0.202111181127/tools/bin/../lib/gcc/arm-none-eabi/10.3.1/thumb/v7e-m+fp/hard/crti.o
[...]
Memory Configuration

Name             Origin             Length             Attributes
RAM              0x0000000020000000 0x0000000000020000 xrw
FLASH            0x0000000008000000 0x0000000000080000 xr
*default*        0x0000000000000000 0xffffffffffffffff

Linker script and memory map

LOAD /opt/st/stm32cubeide_1.10.1/plugins/com.st.stm32cube.ide.mcu.externaltools.gnu-tools-for-stm32.10.3-2021.10.linux64_1.0.0.202111181127/tools/bin/../lib/gcc/arm-none-eabi/10.3.1/thumb/v7e-m+fp/hard/crti.o
LOAD /opt/st/stm32cubeide_1.10.1/plugins/com.st.stm32cube.ide.mcu.externaltools.gnu-tools-for-stm32.10.3-2021.10.linux64_1.0.0.202111181127/tools/bin/../lib/gcc/arm-none-eabi/10.3.1/thumb/v7e-m+fp/hard/crtbegin.o
LOAD /opt/st/stm32cubeide_1.10.1/plugins/com.st.stm32cube.ide.mcu.externaltools.gnu-tools-for-stm32.10.3-2021.10.linux64_1.0.0.202111181127/tools/bin/../lib/gcc/arm-none-eabi/10.3.1/../../../../arm-none-eabi/lib/thumb/v7e-m+fp/hard/crt0.o
LOAD ./Core/Src/SD_FATFS.o
LOAD ./Core/Src/dma.o
LOAD ./Core/Src/gpio.o
LOAD ./Core/Src/main.o
LOAD ./Core/Src/mcp3208.o
LOAD ./Core/Src/sdio.o
LOAD ./Core/Src/spi.o
LOAD ./Core/Src/stm32f4xx_hal_msp.o
LOAD ./Core/Src/stm32f4xx_it.o
LOAD ./Core/Src/syscalls.o
LOAD ./Core/Src/sysmem.o
LOAD ./Core/Src/system_stm32f4xx.o
LOAD ./Core/Src/tim.o
LOAD ./Core/Src/usart.o
LOAD ./Core/Startup/startup_stm32f411ceux.o
LOAD ./Drivers/STM32F4xx_HAL_Driver/Src/stm32f4xx_hal.o
LOAD ./Drivers/STM32F4xx_HAL_Driver/Src/stm32f4xx_hal_cortex.o
LOAD ./Drivers/STM32F4xx_HAL_Driver/Src/stm32f4xx_hal_dma.o
LOAD ./Drivers/STM32F4xx_HAL_Driver/Src/stm32f4xx_hal_dma_ex.o
LOAD ./Drivers/STM32F4xx_HAL_Driver/Src/stm32f4xx_hal_exti.o
LOAD ./Drivers/STM32F4xx_HAL_Driver/Src/stm32f4xx_hal_flash.o
LOAD ./Drivers/STM32F4xx_HAL_Driver/Src/stm32f4xx_hal_flash_ex.o
LOAD ./Drivers/STM32F4xx_HAL_Driver/Src/stm32f4xx_hal_flash_ramfunc.o
LOAD ./Drivers/STM32F4xx_HAL_Driver/Src/stm32f4xx_hal_gpio.o
LOAD ./Drivers/STM32F4xx_HAL_Driver/Src/stm32f4xx_hal_pwr.o
LOAD ./Drivers/STM32F4xx_HAL_Driver/Src/stm32f4xx_hal_pwr_ex.o
LOAD ./Drivers/STM32F4xx_HAL_Driver/Src/stm32f4xx_hal_rcc.o
LOAD ./Drivers/STM32F4xx_HAL_Driver/Src/stm32f4xx_hal_rcc_ex.o
LOAD ./Drivers/STM32F4xx_HAL_Driver/Src/stm32f4xx_hal_sd.o
LOAD ./Drivers/STM32F4xx_HAL_Driver/Src/stm32f4xx_hal_spi.o
LOAD ./Drivers/STM32F4xx_HAL_Driver/Src/stm32f4xx_hal_tim.o
LOAD ./Drivers/STM32F4xx_HAL_Driver/Src/stm32f4xx_hal_tim_ex.o
LOAD ./Drivers/STM32F4xx_HAL_Driver/Src/stm32f4xx_hal_uart.o
LOAD ./Drivers/STM32F4xx_HAL_Driver/Src/stm32f4xx_ll_sdmmc.o
LOAD ./FATFS/App/fatfs.o
LOAD ./FATFS/Target/bsp_driver_sd.o
LOAD ./FATFS/Target/sd_diskio.o
LOAD ./Middlewares/Third_Party/FatFs/src/diskio.o
LOAD ./Middlewares/Third_Party/FatFs/src/ff.o
LOAD ./Middlewares/Third_Party/FatFs/src/ff_gen_drv.o
LOAD ./Middlewares/Third_Party/FatFs/src/option/syscall.o
START GROUP
LOAD /opt/st/stm32cubeide_1.10.1/plugins/com.st.stm32cube.ide.mcu.externaltools.gnu-tools-for-stm32.10.3-2021.10.linux64_1.0.0.202111181127/tools/bin/../lib/gcc/arm-none-eabi/10.3.1/../../../../arm-none-eabi/lib/thumb/v7e-m+fp/hard/libc_nano.a
LOAD /opt/st/stm32cubeide_1.10.1/plugins/com.st.stm32cube.ide.mcu.externaltools.gnu-tools-for-stm32.10.3-2021.10.linux64_1.0.0.202111181127/tools/bin/../lib/gcc/arm-none-eabi/10.3.1/../../../../arm-none-eabi/lib/thumb/v7e-m+fp/hard/libm.a
END GROUP
START GROUP
LOAD /opt/st/stm32cubeide_1.10.1/plugins/com.st.stm32cube.ide.mcu.externaltools.gnu-tools-for-stm32.10.3-2021.10.linux64_1.0.0.202111181127/tools/bin/../lib/gcc/arm-none-eabi/10.3.1/thumb/v7e-m+fp/hard/libgcc.a
LOAD /opt/st/stm32cubeide_1.10.1/plugins/com.st.stm32cube.ide.mcu.externaltools.gnu-tools-for-stm32.10.3-2021.10.linux64_1.0.0.202111181127/tools/bin/../lib/gcc/arm-none-eabi/10.3.1/../../../../arm-none-eabi/lib/thumb/v7e-m+fp/hard/libc_nano.a
END GROUP
START GROUP
LOAD /opt/st/stm32cubeide_1.10.1/plugins/com.st.stm32cube.ide.mcu.externaltools.gnu-tools-for-stm32.10.3-2021.10.linux64_1.0.0.202111181127/tools/bin/../lib/gcc/arm-none-eabi/10.3.1/thumb/v7e-m+fp/hard/libgcc.a
LOAD /opt/st/stm32cubeide_1.10.1/plugins/com.st.stm32cube.ide.mcu.externaltools.gnu-tools-for-stm32.10.3-2021.10.linux64_1.0.0.202111181127/tools/bin/../lib/gcc/arm-none-eabi/10.3.1/../../../../arm-none-eabi/lib/thumb/v7e-m+fp/hard/libc_nano.a
LOAD /opt/st/stm32cubeide_1.10.1/plugins/com.st.stm32cube.ide.mcu.externaltools.gnu-tools-for-stm32.10.3-2021.10.linux64_1.0.0.202111181127/tools/bin/../lib/gcc/arm-none-eabi/10.3.1/../../../../arm-none-eabi/lib/thumb/v7e-m+fp/hard/libnosys.a
END GROUP
START GROUP
LOAD /opt/st/stm32cubeide_1.10.1/plugins/com.st.stm32cube.ide.mcu.externaltools.gnu-tools-for-stm32.10.3-2021.10.linux64_1.0.0.202111181127/tools/bin/../lib/gcc/arm-none-eabi/10.3.1/thumb/v7e-m+fp/hard/libgcc.a
LOAD /opt/st/stm32cubeide_1.10.1/plugins/com.st.stm32cube.ide.mcu.externaltools.gnu-tools-for-stm32.10.3-2021.10.linux64_1.0.0.202111181127/tools/bin/../lib/gcc/arm-none-eabi/10.3.1/../../../../arm-none-eabi/lib/thumb/v7e-m+fp/hard/libc_nano.a
LOAD /opt/st/stm32cubeide_1.10.1/plugins/com.st.stm32cube.ide.mcu.externaltools.gnu-tools-for-stm32.10.3-2021.10.linux64_1.0.0.202111181127/tools/bin/../lib/gcc/arm-none-eabi/10.3.1/../../../../arm-none-eabi/lib/thumb/v7e-m+fp/hard/libnosys.a
END GROUP
LOAD /opt/st/stm32cubeide_1.10.1/plugins/com.st.stm32cube.ide.mcu.externaltools.gnu-tools-for-stm32.10.3-2021.10.linux64_1.0.0.202111181127/tools/bin/../lib/gcc/arm-none-eabi/10.3.1/thumb/v7e-m+fp/hard/crtend.o
LOAD /opt/st/stm32cubeide_1.10.1/plugins/com.st.stm32cube.ide.mcu.externaltools.gnu-tools-for-stm32.10.3-2021.10.linux64_1.0.0.202111181127/tools/bin/../lib/gcc/arm-none-eabi/10.3.1/thumb/v7e-m+fp/hard/crtn.o
                0x0000000020020000                _estack = (ORIGIN (RAM) + LENGTH (RAM))
                0x0000000000000200                _Min_Heap_Size = 0x200
                0x0000000000000400                _Min_Stack_Size = 0x400

.isr_vector     0x0000000008000000      0x198
                0x0000000008000000                . = ALIGN (0x4)
 *(.isr_vector)
 .isr_vector    0x0000000008000000      0x198 ./Core/Startup/startup_stm32f411ceux.o
                0x0000000008000000                g_pfnVectors
                0x0000000008000198                . = ALIGN (0x4)

.text           0x0000000008000198     0x9bdc
                0x0000000008000198                . = ALIGN (0x4)
 *(.text)
 .text          0x0000000008000198       0x40 /opt/st/stm32cubeide_1.10.1/plugins/com.st.stm32cube.ide.mcu.externaltools.gnu-tools-for-stm32.10.3-2021.10.linux64_1.0.0.202111181127/tools/bin/../lib/gcc/arm-none-eabi/10.3.1/thumb/v7e-m+fp/hard/crtbegin.o
 .text          0x00000000080001d8       0x30 /opt/st/stm32cubeide_1.10.1/plugins/com.st.stm32cube.ide.mcu.externaltools.gnu-tools-for-stm32.10.3-2021.10.linux64_1.0.0.202111181127/tools/bin/../lib/gcc/arm-none-eabi/10.3.1/thumb/v7e-m+fp/hard/libgcc.a(_aeabi_uldivmod.o)
                0x00000000080001d8                __aeabi_uldivmod
 .text          0x0000000008000208      0x2d0 /opt/st/stm32cubeide_1.10.1/plugins/com.st.stm32cube.ide.mcu.externaltools.gnu-tools-for-stm32.10.3-2021.10.linux64_1.0.0.202111181127/tools/bin/../lib/gcc/arm-none-eabi/10.3.1/thumb/v7e-m+fp/hard/libgcc.a(_udivmoddi4.o)
                0x0000000008000208                __udivmoddi4
 .text          0x00000000080004d8        0x4 /opt/st/stm32cubeide_1.10.1/plugins/com.st.stm32cube.ide.mcu.externaltools.gnu-tools-for-stm32.10.3-2021.10.linux64_1.0.0.202111181127/tools/bin/../lib/gcc/arm-none-eabi/10.3.1/thumb/v7e-m+fp/hard/libgcc.a(_dvmd_tls.o)
                0x00000000080004d8                __aeabi_ldiv0
                0x00000000080004d8                __aeabi_idiv0
 *(.text*)
 .text.mountSDcard
                0x00000000080004dc       0x30 ./Core/Src/SD_FATFS.o
                0x00000000080004dc                mountSDcard
 .text.openFile
                0x000000000800050c       0x38 ./Core/Src/SD_FATFS.o
                0x000000000800050c                openFile
 .text.closeFile
                0x0000000008000544       0x24 ./Core/Src/SD_FATFS.o
                0x0000000008000544                closeFile
 .text.writeDataPacked
                0x0000000008000568       0xa0 ./Core/Src/SD_FATFS.o
                0x0000000008000568                writeDataPacked
 .text.MX_DMA_Init
                0x0000000008000608       0x70 ./Core/Src/dma.o
                0x0000000008000608                MX_DMA_Init
 .text.MX_GPIO_Init
                0x0000000008000678       0xb0 ./Core/Src/gpio.o
                0x0000000008000678                MX_GPIO_Init
 .text.conversion
                0x0000000008000728      0x214 ./Core/Src/main.o
                0x0000000008000728                conversion
 .text.main     0x000000000800093c      0x1d8 ./Core/Src/main.o
                0x000000000800093c                main
 .text.SystemClock_Config
                0x0000000008000b14       0xd0 ./Core/Src/main.o
                0x0000000008000b14                SystemClock_Config
 .text.XferHCplt
                0x0000000008000be4      0x10c ./Core/Src/main.o
                0x0000000008000be4                XferHCplt
 .text.Farray   0x0000000008000cf0       0x2c ./Core/Src/main.o
                0x0000000008000cf0                Farray
 .text.Sarray   0x0000000008000d1c       0x44 ./Core/Src/main.o
                0x0000000008000d1c                Sarray
 .text.HAL_GPIO_EXTI_Callback
                0x0000000008000d60       0x3c ./Core/Src/main.o
                0x0000000008000d60                HAL_GPIO_EXTI_Callback
 .text.Error_Handler
                0x0000000008000d9c        0xa ./Core/Src/main.o
                0x0000000008000d9c                Error_Handler
 *fill*         0x0000000008000da6        0x2 
 .text.InitMCP3208
                0x0000000008000da8      0x13c ./Core/Src/mcp3208.o
                0x0000000008000da8                InitMCP3208
 .text.MX_SDIO_SD_Init
                0x0000000008000ee4       0x40 ./Core/Src/sdio.o
                0x0000000008000ee4                MX_SDIO_SD_Init
 .text.HAL_SD_MspInit
                0x0000000008000f24      0x1e0 ./Core/Src/sdio.o
                0x0000000008000f24                HAL_SD_MspInit
 .text.MX_SPI4_Init
                0x0000000008001104       0x6c ./Core/Src/spi.o
                0x0000000008001104                MX_SPI4_Init
 .text.HAL_SPI_MspInit
                0x0000000008001170      0x15c ./Core/Src/spi.o
                0x0000000008001170                HAL_SPI_MspInit
 .text.HAL_MspInit
                0x00000000080012cc       0x50 ./Core/Src/stm32f4xx_hal_msp.o
                0x00000000080012cc                HAL_MspInit
 .text.NMI_Handler
                0x000000000800131c        0x6 ./Core/Src/stm32f4xx_it.o
                0x000000000800131c                NMI_Handler
 .text.HardFault_Handler
                0x0000000008001322        0x6 ./Core/Src/stm32f4xx_it.o
                0x0000000008001322                HardFault_Handler
 .text.MemManage_Handler
                0x0000000008001328        0x6 ./Core/Src/stm32f4xx_it.o
                0x0000000008001328                MemManage_Handler
 .text.BusFault_Handler
                0x000000000800132e        0x6 ./Core/Src/stm32f4xx_it.o
                0x000000000800132e                BusFault_Handler
 .text.UsageFault_Handler
                0x0000000008001334        0x6 ./Core/Src/stm32f4xx_it.o
                0x0000000008001334                UsageFault_Handler
 .text.SVC_Handler
                0x000000000800133a        0xe ./Core/Src/stm32f4xx_it.o
                0x000000000800133a                SVC_Handler
 .text.DebugMon_Handler
                0x0000000008001348        0xe ./Core/Src/stm32f4xx_it.o
                0x0000000008001348                DebugMon_Handler
 .text.PendSV_Handler
                0x0000000008001356        0xe ./Core/Src/stm32f4xx_it.o
                0x0000000008001356                PendSV_Handler
 .text.SysTick_Handler
                0x0000000008001364        0xc ./Core/Src/stm32f4xx_it.o
                0x0000000008001364                SysTick_Handler
 .text.EXTI9_5_IRQHandler
                0x0000000008001370        0xe ./Core/Src/stm32f4xx_it.o
                0x0000000008001370                EXTI9_5_IRQHandler
 *fill*         0x000000000800137e        0x2 
 .text.SDIO_IRQHandler
                0x0000000008001380       0x14 ./Core/Src/stm32f4xx_it.o
                0x0000000008001380                SDIO_IRQHandler
 .text.DMA2_Stream0_IRQHandler
                0x0000000008001394       0x14 ./Core/Src/stm32f4xx_it.o
                0x0000000008001394                DMA2_Stream0_IRQHandler
 .text.DMA2_Stream1_IRQHandler
                0x00000000080013a8       0x14 ./Core/Src/stm32f4xx_it.o
                0x00000000080013a8                DMA2_Stream1_IRQHandler
 .text.DMA2_Stream3_IRQHandler
                0x00000000080013bc       0x14 ./Core/Src/stm32f4xx_it.o
                0x00000000080013bc                DMA2_Stream3_IRQHandler
 .text.DMA2_Stream6_IRQHandler
                0x00000000080013d0       0x14 ./Core/Src/stm32f4xx_it.o
                0x00000000080013d0                DMA2_Stream6_IRQHandler
 .text.SystemInit
                0x00000000080013e4       0x24 ./Core/Src/system_stm32f4xx.o
                0x00000000080013e4                SystemInit
 .text.MX_TIM1_Init
                0x0000000008001408      0x168 ./Core/Src/tim.o
                0x0000000008001408                MX_TIM1_Init
 .text.MX_TIM2_Init
                0x0000000008001570       0x98 ./Core/Src/tim.o
                0x0000000008001570                MX_TIM2_Init
 .text.MX_TIM3_Init
                0x0000000008001608      0x108 ./Core/Src/tim.o
                0x0000000008001608                MX_TIM3_Init
 .text.HAL_TIM_Base_MspInit
                0x0000000008001710       0xf8 ./Core/Src/tim.o
                0x0000000008001710                HAL_TIM_Base_MspInit
 .text.HAL_TIM_MspPostInit
                0x0000000008001808       0x74 ./Core/Src/tim.o
                0x0000000008001808                HAL_TIM_MspPostInit
 .text.MX_USART2_UART_Init
                0x000000000800187c       0x54 ./Core/Src/usart.o
                0x000000000800187c                MX_USART2_UART_Init
 .text.HAL_UART_MspInit
                0x00000000080018d0       0x90 ./Core/Src/usart.o
                0x00000000080018d0                HAL_UART_MspInit
 .text.Reset_Handler
                0x0000000008001960       0x50 ./Core/Startup/startup_stm32f411ceux.o
                0x0000000008001960                Reset_Handler
 .text.Default_Handler
                0x00000000080019b0        0x2 ./Core/Startup/startup_stm32f411ceux.o
                0x00000000080019b0                RTC_Alarm_IRQHandler
                0x00000000080019b0                EXTI2_IRQHandler
                0x00000000080019b0                SPI4_IRQHandler
                0x00000000080019b0                TIM1_CC_IRQHandler
                0x00000000080019b0                DMA2_Stream5_IRQHandler
                0x00000000080019b0                DMA1_Stream5_IRQHandler
                0x00000000080019b0                PVD_IRQHandler
                0x00000000080019b0                TAMP_STAMP_IRQHandler
                0x00000000080019b0                EXTI3_IRQHandler
                0x00000000080019b0                TIM1_UP_TIM10_IRQHandler
                0x00000000080019b0                I2C3_ER_IRQHandler
                0x00000000080019b0                EXTI0_IRQHandler
                0x00000000080019b0                I2C2_EV_IRQHandler
                0x00000000080019b0                DMA1_Stream2_IRQHandler
                0x00000000080019b0                FPU_IRQHandler
                0x00000000080019b0                DMA2_Stream2_IRQHandler
                0x00000000080019b0                SPI1_IRQHandler
                0x00000000080019b0                TIM1_BRK_TIM9_IRQHandler
                0x00000000080019b0                USART6_IRQHandler
                0x00000000080019b0                TIM4_IRQHandler
                0x00000000080019b0                I2C1_EV_IRQHandler
                0x00000000080019b0                DMA1_Stream6_IRQHandler
                0x00000000080019b0                DMA1_Stream1_IRQHandler
                0x00000000080019b0                TIM3_IRQHandler
                0x00000000080019b0                RCC_IRQHandler
                0x00000000080019b0                Default_Handler
                0x00000000080019b0                EXTI15_10_IRQHandler
                0x00000000080019b0                ADC_IRQHandler
                0x00000000080019b0                DMA1_Stream7_IRQHandler
                0x00000000080019b0                SPI5_IRQHandler
                0x00000000080019b0                TIM5_IRQHandler
                0x00000000080019b0                DMA2_Stream7_IRQHandler
                0x00000000080019b0                I2C3_EV_IRQHandler
                0x00000000080019b0                RTC_WKUP_IRQHandler
                0x00000000080019b0                SPI2_IRQHandler
                0x00000000080019b0                DMA1_Stream0_IRQHandler
                0x00000000080019b0                EXTI4_IRQHandler
                0x00000000080019b0                WWDG_IRQHandler
                0x00000000080019b0                TIM2_IRQHandler
                0x00000000080019b0                OTG_FS_WKUP_IRQHandler
                0x00000000080019b0                TIM1_TRG_COM_TIM11_IRQHandler
                0x00000000080019b0                EXTI1_IRQHandler
                0x00000000080019b0                USART2_IRQHandler
                0x00000000080019b0                I2C2_ER_IRQHandler
                0x00000000080019b0                FLASH_IRQHandler
                0x00000000080019b0                DMA2_Stream4_IRQHandler
                0x00000000080019b0                USART1_IRQHandler
                0x00000000080019b0                OTG_FS_IRQHandler
                0x00000000080019b0                SPI3_IRQHandler
                0x00000000080019b0                DMA1_Stream4_IRQHandler
                0x00000000080019b0                I2C1_ER_IRQHandler
                0x00000000080019b0                DMA1_Stream3_IRQHandler
 *fill*         0x00000000080019b2        0x2 
 .text.HAL_Init
                0x00000000080019b4       0x44 ./Drivers/STM32F4xx_HAL_Driver/Src/stm32f4xx_hal.o
                0x00000000080019b4                HAL_Init
 .text.HAL_InitTick
                0x00000000080019f8       0x60 ./Drivers/STM32F4xx_HAL_Driver/Src/stm32f4xx_hal.o
                0x00000000080019f8                HAL_InitTick
 .text.HAL_IncTick
                0x0000000008001a58       0x28 ./Drivers/STM32F4xx_HAL_Driver/Src/stm32f4xx_hal.o
                0x0000000008001a58                HAL_IncTick
 .text.HAL_GetTick
                0x0000000008001a80       0x18 ./Drivers/STM32F4xx_HAL_Driver/Src/stm32f4xx_hal.o
                0x0000000008001a80                HAL_GetTick
 .text.HAL_Delay
                0x0000000008001a98       0x48 ./Drivers/STM32F4xx_HAL_Driver/Src/stm32f4xx_hal.o
                0x0000000008001a98                HAL_Delay
 .text.__NVIC_SetPriorityGrouping
                0x0000000008001ae0       0x48 ./Drivers/STM32F4xx_HAL_Driver/Src/stm32f4xx_hal_cortex.o
 .text.__NVIC_GetPriorityGrouping
                0x0000000008001b28       0x1c ./Drivers/STM32F4xx_HAL_Driver/Src/stm32f4xx_hal_cortex.o
 .text.__NVIC_EnableIRQ
                0x0000000008001b44       0x3c ./Drivers/STM32F4xx_HAL_Driver/Src/stm32f4xx_hal_cortex.o
 .text.__NVIC_SetPriority
                0x0000000008001b80       0x54 ./Drivers/STM32F4xx_HAL_Driver/Src/stm32f4xx_hal_cortex.o
 .text.NVIC_EncodePriority
                0x0000000008001bd4       0x66 ./Drivers/STM32F4xx_HAL_Driver/Src/stm32f4xx_hal_cortex.o
 *fill*         0x0000000008001c3a        0x2 
 .text.SysTick_Config
                0x0000000008001c3c       0x44 ./Drivers/STM32F4xx_HAL_Driver/Src/stm32f4xx_hal_cortex.o
 .text.HAL_NVIC_SetPriorityGrouping
                0x0000000008001c80       0x16 ./Drivers/STM32F4xx_HAL_Driver/Src/stm32f4xx_hal_cortex.o
                0x0000000008001c80                HAL_NVIC_SetPriorityGrouping
 .text.HAL_NVIC_SetPriority
                0x0000000008001c96       0x38 ./Drivers/STM32F4xx_HAL_Driver/Src/stm32f4xx_hal_cortex.o
                0x0000000008001c96                HAL_NVIC_SetPriority
 .text.HAL_NVIC_EnableIRQ
                0x0000000008001cce       0x1c ./Drivers/STM32F4xx_HAL_Driver/Src/stm32f4xx_hal_cortex.o
                0x0000000008001cce                HAL_NVIC_EnableIRQ
 .text.HAL_SYSTICK_Config
                0x0000000008001cea       0x18 ./Drivers/STM32F4xx_HAL_Driver/Src/stm32f4xx_hal_cortex.o
                0x0000000008001cea                HAL_SYSTICK_Config
 *fill*         0x0000000008001d02        0x2 
 .text.HAL_DMA_Init
                0x0000000008001d04      0x15c ./Drivers/STM32F4xx_HAL_Driver/Src/stm32f4xx_hal_dma.o
                0x0000000008001d04                HAL_DMA_Init
 .text.HAL_DMA_Start_IT
                0x0000000008001e60       0xb0 ./Drivers/STM32F4xx_HAL_Driver/Src/stm32f4xx_hal_dma.o
                0x0000000008001e60                HAL_DMA_Start_IT
 .text.HAL_DMA_Abort_IT
                0x0000000008001f10       0x44 ./Drivers/STM32F4xx_HAL_Driver/Src/stm32f4xx_hal_dma.o
                0x0000000008001f10                HAL_DMA_Abort_IT
 .text.HAL_DMA_IRQHandler
                0x0000000008001f54      0x314 ./Drivers/STM32F4xx_HAL_Driver/Src/stm32f4xx_hal_dma.o
                0x0000000008001f54                HAL_DMA_IRQHandler
 .text.HAL_DMA_GetError
                0x0000000008002268       0x18 ./Drivers/STM32F4xx_HAL_Driver/Src/stm32f4xx_hal_dma.o
                0x0000000008002268                HAL_DMA_GetError
 .text.DMA_SetConfig
                0x0000000008002280       0x5c ./Drivers/STM32F4xx_HAL_Driver/Src/stm32f4xx_hal_dma.o
 .text.DMA_CalcBaseAndBitshift
                0x00000000080022dc       0x6c ./Drivers/STM32F4xx_HAL_Driver/Src/stm32f4xx_hal_dma.o
 .text.DMA_CheckFifoParam
                0x0000000008002348       0xf8 ./Drivers/STM32F4xx_HAL_Driver/Src/stm32f4xx_hal_dma.o
 .text.HAL_GPIO_Init
                0x0000000008002440      0x308 ./Drivers/STM32F4xx_HAL_Driver/Src/stm32f4xx_hal_gpio.o
                0x0000000008002440                HAL_GPIO_Init
 .text.HAL_GPIO_ReadPin
                0x0000000008002748       0x30 ./Drivers/STM32F4xx_HAL_Driver/Src/stm32f4xx_hal_gpio.o
                0x0000000008002748                HAL_GPIO_ReadPin
 .text.HAL_GPIO_WritePin
                0x0000000008002778       0x32 ./Drivers/STM32F4xx_HAL_Driver/Src/stm32f4xx_hal_gpio.o
                0x0000000008002778                HAL_GPIO_WritePin
 *fill*         0x00000000080027aa        0x2 
 .text.HAL_GPIO_EXTI_IRQHandler
                0x00000000080027ac       0x30 ./Drivers/STM32F4xx_HAL_Driver/Src/stm32f4xx_hal_gpio.o
                0x00000000080027ac                HAL_GPIO_EXTI_IRQHandler
 .text.HAL_RCC_OscConfig
                0x00000000080027dc      0x4f0 ./Drivers/STM32F4xx_HAL_Driver/Src/stm32f4xx_hal_rcc.o
                0x00000000080027dc                HAL_RCC_OscConfig
 .text.HAL_RCC_ClockConfig
                0x0000000008002ccc      0x1cc ./Drivers/STM32F4xx_HAL_Driver/Src/stm32f4xx_hal_rcc.o
                0x0000000008002ccc                HAL_RCC_ClockConfig
 .text.HAL_RCC_GetSysClockFreq
                0x0000000008002e98      0x18c ./Drivers/STM32F4xx_HAL_Driver/Src/stm32f4xx_hal_rcc.o
                0x0000000008002e98                HAL_RCC_GetSysClockFreq
 .text.HAL_RCC_GetHCLKFreq
                0x0000000008003024       0x18 ./Drivers/STM32F4xx_HAL_Driver/Src/stm32f4xx_hal_rcc.o
                0x0000000008003024                HAL_RCC_GetHCLKFreq
 .text.HAL_RCC_GetPCLK1Freq
                0x000000000800303c       0x28 ./Drivers/STM32F4xx_HAL_Driver/Src/stm32f4xx_hal_rcc.o
                0x000000000800303c                HAL_RCC_GetPCLK1Freq
 .text.HAL_RCC_GetPCLK2Freq
                0x0000000008003064       0x28 ./Drivers/STM32F4xx_HAL_Driver/Src/stm32f4xx_hal_rcc.o
                0x0000000008003064                HAL_RCC_GetPCLK2Freq
 .text.HAL_SD_Init
                0x000000000800308c       0x60 ./Drivers/STM32F4xx_HAL_Driver/Src/stm32f4xx_hal_sd.o
                0x000000000800308c                HAL_SD_Init
 .text.HAL_SD_InitCard
                0x00000000080030ec      0x100 ./Drivers/STM32F4xx_HAL_Driver/Src/stm32f4xx_hal_sd.o
                0x00000000080030ec                HAL_SD_InitCard
 .text.HAL_SD_ReadBlocks_DMA
                0x00000000080031ec      0x1c4 ./Drivers/STM32F4xx_HAL_Driver/Src/stm32f4xx_hal_sd.o
                0x00000000080031ec                HAL_SD_ReadBlocks_DMA
 .text.HAL_SD_WriteBlocks_DMA
                0x00000000080033b0      0x1cc ./Drivers/STM32F4xx_HAL_Driver/Src/stm32f4xx_hal_sd.o
                0x00000000080033b0                HAL_SD_WriteBlocks_DMA
 .text.HAL_SD_IRQHandler
                0x000000000800357c      0x30c ./Drivers/STM32F4xx_HAL_Driver/Src/stm32f4xx_hal_sd.o
                0x000000000800357c                HAL_SD_IRQHandler
 .text.HAL_SD_ErrorCallback
                0x0000000008003888       0x14 ./Drivers/STM32F4xx_HAL_Driver/Src/stm32f4xx_hal_sd.o
                0x0000000008003888                HAL_SD_ErrorCallback
 .text.HAL_SD_GetCardCSD
                0x000000000800389c      0x348 ./Drivers/STM32F4xx_HAL_Driver/Src/stm32f4xx_hal_sd.o
                0x000000000800389c                HAL_SD_GetCardCSD
 .text.HAL_SD_GetCardInfo
                0x0000000008003be4       0x58 ./Drivers/STM32F4xx_HAL_Driver/Src/stm32f4xx_hal_sd.o
                0x0000000008003be4                HAL_SD_GetCardInfo
 .text.HAL_SD_ConfigWideBusOperation
                0x0000000008003c3c      0x134 ./Drivers/STM32F4xx_HAL_Driver/Src/stm32f4xx_hal_sd.o
                0x0000000008003c3c                HAL_SD_ConfigWideBusOperation
 .text.HAL_SD_GetCardState
                0x0000000008003d70       0x40 ./Drivers/STM32F4xx_HAL_Driver/Src/stm32f4xx_hal_sd.o
                0x0000000008003d70                HAL_SD_GetCardState
 .text.SD_DMATransmitCplt
                0x0000000008003db0       0x2a ./Drivers/STM32F4xx_HAL_Driver/Src/stm32f4xx_hal_sd.o
 .text.SD_DMAReceiveCplt
                0x0000000008003dda       0x70 ./Drivers/STM32F4xx_HAL_Driver/Src/stm32f4xx_hal_sd.o
 *fill*         0x0000000008003e4a        0x2 
 .text.SD_DMAError
                0x0000000008003e4c       0xa4 ./Drivers/STM32F4xx_HAL_Driver/Src/stm32f4xx_hal_sd.o
 .text.SD_DMATxAbort
                0x0000000008003ef0       0x6e ./Drivers/STM32F4xx_HAL_Driver/Src/stm32f4xx_hal_sd.o
 .text.SD_DMARxAbort
                0x0000000008003f5e       0x6e ./Drivers/STM32F4xx_HAL_Driver/Src/stm32f4xx_hal_sd.o
 .text.SD_InitCard
                0x0000000008003fcc      0x19c ./Drivers/STM32F4xx_HAL_Driver/Src/stm32f4xx_hal_sd.o
 .text.SD_PowerON
                0x0000000008004168      0x11c ./Drivers/STM32F4xx_HAL_Driver/Src/stm32f4xx_hal_sd.o
 .text.SD_SendStatus
                0x0000000008004284       0x50 ./Drivers/STM32F4xx_HAL_Driver/Src/stm32f4xx_hal_sd.o
 .text.SD_WideBus_Enable
                0x00000000080042d4       0x96 ./Drivers/STM32F4xx_HAL_Driver/Src/stm32f4xx_hal_sd.o
 .text.SD_WideBus_Disable
                0x000000000800436a       0x96 ./Drivers/STM32F4xx_HAL_Driver/Src/stm32f4xx_hal_sd.o
 .text.SD_FindSCR
                0x0000000008004400      0x1a6 ./Drivers/STM32F4xx_HAL_Driver/Src/stm32f4xx_hal_sd.o
 .text.SD_Read_IT
                0x00000000080045a6       0xa2 ./Drivers/STM32F4xx_HAL_Driver/Src/stm32f4xx_hal_sd.o
 .text.SD_Write_IT
                0x0000000008004648       0xaa ./Drivers/STM32F4xx_HAL_Driver/Src/stm32f4xx_hal_sd.o
 .text.HAL_SPI_Init
                0x00000000080046f2      0x112 ./Drivers/STM32F4xx_HAL_Driver/Src/stm32f4xx_hal_spi.o
                0x00000000080046f2                HAL_SPI_Init
 .text.HAL_SPI_Receive_DMA
                0x0000000008004804      0x190 ./Drivers/STM32F4xx_HAL_Driver/Src/stm32f4xx_hal_spi.o
                0x0000000008004804                HAL_SPI_Receive_DMA
 .text.HAL_SPI_TransmitReceive_DMA
                0x0000000008004994      0x204 ./Drivers/STM32F4xx_HAL_Driver/Src/stm32f4xx_hal_spi.o
                0x0000000008004994                HAL_SPI_TransmitReceive_DMA
 .text.HAL_SPI_RxCpltCallback
                0x0000000008004b98       0x14 ./Drivers/STM32F4xx_HAL_Driver/Src/stm32f4xx_hal_spi.o
                0x0000000008004b98                HAL_SPI_RxCpltCallback
 .text.HAL_SPI_TxRxCpltCallback
                0x0000000008004bac       0x14 ./Drivers/STM32F4xx_HAL_Driver/Src/stm32f4xx_hal_spi.o
                0x0000000008004bac                HAL_SPI_TxRxCpltCallback
 .text.HAL_SPI_RxHalfCpltCallback
                0x0000000008004bc0       0x14 ./Drivers/STM32F4xx_HAL_Driver/Src/stm32f4xx_hal_spi.o
                0x0000000008004bc0                HAL_SPI_RxHalfCpltCallback
 .text.HAL_SPI_TxRxHalfCpltCallback
                0x0000000008004bd4       0x14 ./Drivers/STM32F4xx_HAL_Driver/Src/stm32f4xx_hal_spi.o
                0x0000000008004bd4                HAL_SPI_TxRxHalfCpltCallback
 .text.HAL_SPI_ErrorCallback
                0x0000000008004be8       0x14 ./Drivers/STM32F4xx_HAL_Driver/Src/stm32f4xx_hal_spi.o
                0x0000000008004be8                HAL_SPI_ErrorCallback
 .text.SPI_DMAReceiveCplt
                0x0000000008004bfc       0xa8 ./Drivers/STM32F4xx_HAL_Driver/Src/stm32f4xx_hal_spi.o
 .text.SPI_DMATransmitReceiveCplt
                0x0000000008004ca4       0x90 ./Drivers/STM32F4xx_HAL_Driver/Src/stm32f4xx_hal_spi.o
 .text.SPI_DMAHalfReceiveCplt
                0x0000000008004d34       0x1c ./Drivers/STM32F4xx_HAL_Driver/Src/stm32f4xx_hal_spi.o
 .text.SPI_DMAHalfTransmitReceiveCplt
                0x0000000008004d50       0x1c ./Drivers/STM32F4xx_HAL_Driver/Src/stm32f4xx_hal_spi.o
 .text.SPI_DMAError
                0x0000000008004d6c       0x40 ./Drivers/STM32F4xx_HAL_Driver/Src/stm32f4xx_hal_spi.o
 .text.SPI_WaitFlagStateUntilTimeout
                0x0000000008004dac      0x110 ./Drivers/STM32F4xx_HAL_Driver/Src/stm32f4xx_hal_spi.o
 .text.SPI_EndRxTransaction
                0x0000000008004ebc       0xca ./Drivers/STM32F4xx_HAL_Driver/Src/stm32f4xx_hal_spi.o
 *fill*         0x0000000008004f86        0x2 
 .text.SPI_EndRxTxTransaction
                0x0000000008004f88       0x84 ./Drivers/STM32F4xx_HAL_Driver/Src/stm32f4xx_hal_spi.o
 .text.HAL_TIM_Base_Init
                0x000000000800500c       0x9e ./Drivers/STM32F4xx_HAL_Driver/Src/stm32f4xx_hal_tim.o
                0x000000000800500c                HAL_TIM_Base_Init
 *fill*         0x00000000080050aa        0x2 
 .text.HAL_TIM_Base_Start
                0x00000000080050ac       0xb4 ./Drivers/STM32F4xx_HAL_Driver/Src/stm32f4xx_hal_tim.o
                0x00000000080050ac                HAL_TIM_Base_Start
 .text.HAL_TIM_OC_Init
                0x0000000008005160       0x9e ./Drivers/STM32F4xx_HAL_Driver/Src/stm32f4xx_hal_tim.o
                0x0000000008005160                HAL_TIM_OC_Init
 .text.HAL_TIM_OC_MspInit
                0x00000000080051fe       0x14 ./Drivers/STM32F4xx_HAL_Driver/Src/stm32f4xx_hal_tim.o
                0x00000000080051fe                HAL_TIM_OC_MspInit
 *fill*         0x0000000008005212        0x2 
 .text.HAL_TIM_OC_Start
                0x0000000008005214      0x160 ./Drivers/STM32F4xx_HAL_Driver/Src/stm32f4xx_hal_tim.o
                0x0000000008005214                HAL_TIM_OC_Start
 .text.HAL_TIM_PWM_Init
                0x0000000008005374       0x9e ./Drivers/STM32F4xx_HAL_Driver/Src/stm32f4xx_hal_tim.o
                0x0000000008005374                HAL_TIM_PWM_Init
 .text.HAL_TIM_PWM_MspInit
                0x0000000008005412       0x14 ./Drivers/STM32F4xx_HAL_Driver/Src/stm32f4xx_hal_tim.o
                0x0000000008005412                HAL_TIM_PWM_MspInit
 *fill*         0x0000000008005426        0x2 
 .text.HAL_TIM_OC_ConfigChannel
                0x0000000008005428       0xb8 ./Drivers/STM32F4xx_HAL_Driver/Src/stm32f4xx_hal_tim.o
                0x0000000008005428                HAL_TIM_OC_ConfigChannel
 .text.HAL_TIM_PWM_ConfigChannel
                0x00000000080054e0      0x184 ./Drivers/STM32F4xx_HAL_Driver/Src/stm32f4xx_hal_tim.o
                0x00000000080054e0                HAL_TIM_PWM_ConfigChannel
 .text.HAL_TIM_ConfigClockSource
                0x0000000008005664      0x18e ./Drivers/STM32F4xx_HAL_Driver/Src/stm32f4xx_hal_tim.o
                0x0000000008005664                HAL_TIM_ConfigClockSource
 .text.HAL_TIM_SlaveConfigSynchro
                0x00000000080057f2       0x84 ./Drivers/STM32F4xx_HAL_Driver/Src/stm32f4xx_hal_tim.o
                0x00000000080057f2                HAL_TIM_SlaveConfigSynchro
 *fill*         0x0000000008005876        0x2 
 .text.TIM_Base_SetConfig
                0x0000000008005878      0x100 ./Drivers/STM32F4xx_HAL_Driver/Src/stm32f4xx_hal_tim.o
                0x0000000008005878                TIM_Base_SetConfig
 .text.TIM_OC1_SetConfig
                0x0000000008005978       0xcc ./Drivers/STM32F4xx_HAL_Driver/Src/stm32f4xx_hal_tim.o
 .text.TIM_OC2_SetConfig
                0x0000000008005a44       0xd8 ./Drivers/STM32F4xx_HAL_Driver/Src/stm32f4xx_hal_tim.o
                0x0000000008005a44                TIM_OC2_SetConfig
 .text.TIM_OC3_SetConfig
                0x0000000008005b1c       0xd4 ./Drivers/STM32F4xx_HAL_Driver/Src/stm32f4xx_hal_tim.o
 .text.TIM_OC4_SetConfig
                0x0000000008005bf0       0xa0 ./Drivers/STM32F4xx_HAL_Driver/Src/stm32f4xx_hal_tim.o
 .text.TIM_SlaveTimer_SetConfig
                0x0000000008005c90      0x122 ./Drivers/STM32F4xx_HAL_Driver/Src/stm32f4xx_hal_tim.o
 .text.TIM_TI1_ConfigInputStage
                0x0000000008005db2       0x5e ./Drivers/STM32F4xx_HAL_Driver/Src/stm32f4xx_hal_tim.o
 .text.TIM_TI2_ConfigInputStage
                0x0000000008005e10       0x60 ./Drivers/STM32F4xx_HAL_Driver/Src/stm32f4xx_hal_tim.o
 .text.TIM_ITRx_SetConfig
                0x0000000008005e70       0x36 ./Drivers/STM32F4xx_HAL_Driver/Src/stm32f4xx_hal_tim.o
 .text.TIM_ETR_SetConfig
                0x0000000008005ea6       0x40 ./Drivers/STM32F4xx_HAL_Driver/Src/stm32f4xx_hal_tim.o
                0x0000000008005ea6                TIM_ETR_SetConfig
 .text.TIM_CCxChannelCmd
                0x0000000008005ee6       0x4a ./Drivers/STM32F4xx_HAL_Driver/Src/stm32f4xx_hal_tim.o
                0x0000000008005ee6                TIM_CCxChannelCmd
 .text.HAL_TIMEx_MasterConfigSynchronization
                0x0000000008005f30       0xdc ./Drivers/STM32F4xx_HAL_Driver/Src/stm32f4xx_hal_tim_ex.o
                0x0000000008005f30                HAL_TIMEx_MasterConfigSynchronization
 .text.HAL_TIMEx_ConfigBreakDeadTime
                0x000000000800600c       0xa4 ./Drivers/STM32F4xx_HAL_Driver/Src/stm32f4xx_hal_tim_ex.o
                0x000000000800600c                HAL_TIMEx_ConfigBreakDeadTime
 .text.HAL_UART_Init
                0x00000000080060b0       0x9a ./Drivers/STM32F4xx_HAL_Driver/Src/stm32f4xx_hal_uart.o
                0x00000000080060b0                HAL_UART_Init
 .text.HAL_UART_Transmit
                0x000000000800614a      0x124 ./Drivers/STM32F4xx_HAL_Driver/Src/stm32f4xx_hal_uart.o
                0x000000000800614a                HAL_UART_Transmit
 .text.UART_WaitOnFlagUntilTimeout
                0x000000000800626e       0xdc ./Drivers/STM32F4xx_HAL_Driver/Src/stm32f4xx_hal_uart.o
 *fill*         0x000000000800634a        0x2 
 .text.UART_SetConfig
                0x000000000800634c      0x4e8 ./Drivers/STM32F4xx_HAL_Driver/Src/stm32f4xx_hal_uart.o
 .text.SDIO_Init
                0x0000000008006834       0x56 ./Drivers/STM32F4xx_HAL_Driver/Src/stm32f4xx_ll_sdmmc.o
                0x0000000008006834                SDIO_Init
 .text.SDIO_ReadFIFO
                0x000000000800688a       0x1a ./Drivers/STM32F4xx_HAL_Driver/Src/stm32f4xx_ll_sdmmc.o
                0x000000000800688a                SDIO_ReadFIFO
 .text.SDIO_WriteFIFO
                0x00000000080068a4       0x22 ./Drivers/STM32F4xx_HAL_Driver/Src/stm32f4xx_ll_sdmmc.o
                0x00000000080068a4                SDIO_WriteFIFO
 .text.SDIO_PowerState_ON
                0x00000000080068c6       0x1c ./Drivers/STM32F4xx_HAL_Driver/Src/stm32f4xx_ll_sdmmc.o
                0x00000000080068c6                SDIO_PowerState_ON
 .text.SDIO_GetPowerState
                0x00000000080068e2       0x1c ./Drivers/STM32F4xx_HAL_Driver/Src/stm32f4xx_ll_sdmmc.o
                0x00000000080068e2                SDIO_GetPowerState
 .text.SDIO_SendCommand
                0x00000000080068fe       0x54 ./Drivers/STM32F4xx_HAL_Driver/Src/stm32f4xx_ll_sdmmc.o
                0x00000000080068fe                SDIO_SendCommand
 .text.SDIO_GetCommandResponse
                0x0000000008006952       0x1a ./Drivers/STM32F4xx_HAL_Driver/Src/stm32f4xx_ll_sdmmc.o
                0x0000000008006952                SDIO_GetCommandResponse
 .text.SDIO_GetResponse
                0x000000000800696c       0x26 ./Drivers/STM32F4xx_HAL_Driver/Src/stm32f4xx_ll_sdmmc.o
                0x000000000800696c                SDIO_GetResponse
 .text.SDIO_ConfigData
                0x0000000008006992       0x58 ./Drivers/STM32F4xx_HAL_Driver/Src/stm32f4xx_ll_sdmmc.o
                0x0000000008006992                SDIO_ConfigData
 .text.SDMMC_CmdBlockLength
                0x00000000080069ea       0x44 ./Drivers/STM32F4xx_HAL_Driver/Src/stm32f4xx_ll_sdmmc.o
                0x00000000080069ea                SDMMC_CmdBlockLength
 .text.SDMMC_CmdReadSingleBlock
                0x0000000008006a2e       0x44 ./Drivers/STM32F4xx_HAL_Driver/Src/stm32f4xx_ll_sdmmc.o
                0x0000000008006a2e                SDMMC_CmdReadSingleBlock
 .text.SDMMC_CmdReadMultiBlock
                0x0000000008006a72       0x44 ./Drivers/STM32F4xx_HAL_Driver/Src/stm32f4xx_ll_sdmmc.o
                0x0000000008006a72                SDMMC_CmdReadMultiBlock
 .text.SDMMC_CmdWriteSingleBlock
                0x0000000008006ab6       0x44 ./Drivers/STM32F4xx_HAL_Driver/Src/stm32f4xx_ll_sdmmc.o
                0x0000000008006ab6                SDMMC_CmdWriteSingleBlock
 .text.SDMMC_CmdWriteMultiBlock
                0x0000000008006afa       0x44 ./Drivers/STM32F4xx_HAL_Driver/Src/stm32f4xx_ll_sdmmc.o
                0x0000000008006afa                SDMMC_CmdWriteMultiBlock
 *fill*         0x0000000008006b3e        0x2 
 .text.SDMMC_CmdStopTransfer
                0x0000000008006b40       0x44 ./Drivers/STM32F4xx_HAL_Driver/Src/stm32f4xx_ll_sdmmc.o
                0x0000000008006b40                SDMMC_CmdStopTransfer
 .text.SDMMC_CmdSelDesel
                0x0000000008006b84       0x46 ./Drivers/STM32F4xx_HAL_Driver/Src/stm32f4xx_ll_sdmmc.o
                0x0000000008006b84                SDMMC_CmdSelDesel
 .text.SDMMC_CmdGoIdleState
                0x0000000008006bca       0x3c ./Drivers/STM32F4xx_HAL_Driver/Src/stm32f4xx_ll_sdmmc.o
                0x0000000008006bca                SDMMC_CmdGoIdleState
 .text.SDMMC_CmdOperCond
                0x0000000008006c06       0x3e ./Drivers/STM32F4xx_HAL_Driver/Src/stm32f4xx_ll_sdmmc.o
                0x0000000008006c06                SDMMC_CmdOperCond
 .text.SDMMC_CmdAppCommand
                0x0000000008006c44       0x44 ./Drivers/STM32F4xx_HAL_Driver/Src/stm32f4xx_ll_sdmmc.o
                0x0000000008006c44                SDMMC_CmdAppCommand
 .text.SDMMC_CmdAppOperCommand
                0x0000000008006c88       0x46 ./Drivers/STM32F4xx_HAL_Driver/Src/stm32f4xx_ll_sdmmc.o
                0x0000000008006c88                SDMMC_CmdAppOperCommand
 .text.SDMMC_CmdBusWidth
                0x0000000008006cce       0x44 ./Drivers/STM32F4xx_HAL_Driver/Src/stm32f4xx_ll_sdmmc.o
                0x0000000008006cce                SDMMC_CmdBusWidth
 .text.SDMMC_CmdSendSCR
                0x0000000008006d12       0x42 ./Drivers/STM32F4xx_HAL_Driver/Src/stm32f4xx_ll_sdmmc.o
                0x0000000008006d12                SDMMC_CmdSendSCR
 .text.SDMMC_CmdSendCID
                0x0000000008006d54       0x3c ./Drivers/STM32F4xx_HAL_Driver/Src/stm32f4xx_ll_sdmmc.o
                0x0000000008006d54                SDMMC_CmdSendCID
 .text.SDMMC_CmdSendCSD
                0x0000000008006d90       0x3e ./Drivers/STM32F4xx_HAL_Driver/Src/stm32f4xx_ll_sdmmc.o
                0x0000000008006d90                SDMMC_CmdSendCSD
 .text.SDMMC_CmdSetRelAdd
                0x0000000008006dce       0x42 ./Drivers/STM32F4xx_HAL_Driver/Src/stm32f4xx_ll_sdmmc.o
                0x0000000008006dce                SDMMC_CmdSetRelAdd
 .text.SDMMC_CmdSendStatus
                0x0000000008006e10       0x44 ./Drivers/STM32F4xx_HAL_Driver/Src/stm32f4xx_ll_sdmmc.o
                0x0000000008006e10                SDMMC_CmdSendStatus
 .text.SDMMC_GetCmdResp1
                0x0000000008006e54      0x1dc ./Drivers/STM32F4xx_HAL_Driver/Src/stm32f4xx_ll_sdmmc.o
                0x0000000008006e54                SDMMC_GetCmdResp1
 .text.SDMMC_GetCmdResp2
                0x0000000008007030       0x90 ./Drivers/STM32F4xx_HAL_Driver/Src/stm32f4xx_ll_sdmmc.o
                0x0000000008007030                SDMMC_GetCmdResp2
 .text.SDMMC_GetCmdResp3
                0x00000000080070c0       0x7c ./Drivers/STM32F4xx_HAL_Driver/Src/stm32f4xx_ll_sdmmc.o
                0x00000000080070c0                SDMMC_GetCmdResp3
 .text.SDMMC_GetCmdResp6
                0x000000000800713c       0xec ./Drivers/STM32F4xx_HAL_Driver/Src/stm32f4xx_ll_sdmmc.o
                0x000000000800713c                SDMMC_GetCmdResp6
 .text.SDMMC_GetCmdResp7
                0x0000000008007228       0x9c ./Drivers/STM32F4xx_HAL_Driver/Src/stm32f4xx_ll_sdmmc.o
                0x0000000008007228                SDMMC_GetCmdResp7
 .text.SDMMC_GetCmdError
                0x00000000080072c4       0x58 ./Drivers/STM32F4xx_HAL_Driver/Src/stm32f4xx_ll_sdmmc.o
 .text.MX_FATFS_Init
                0x000000000800731c       0x24 ./FATFS/App/fatfs.o
                0x000000000800731c                MX_FATFS_Init
 .text.get_fattime
                0x0000000008007340       0x10 ./FATFS/App/fatfs.o
                0x0000000008007340                get_fattime
 .text.BSP_SD_Init
                0x0000000008007350       0x4c ./FATFS/Target/bsp_driver_sd.o
                0x0000000008007350                BSP_SD_Init
 .text.BSP_SD_ReadBlocks_DMA
                0x000000000800739c       0x34 ./FATFS/Target/bsp_driver_sd.o
                0x000000000800739c                BSP_SD_ReadBlocks_DMA
 .text.BSP_SD_WriteBlocks_DMA
                0x00000000080073d0       0x34 ./FATFS/Target/bsp_driver_sd.o
                0x00000000080073d0                BSP_SD_WriteBlocks_DMA
 .text.BSP_SD_GetCardState
                0x0000000008007404       0x20 ./FATFS/Target/bsp_driver_sd.o
                0x0000000008007404                BSP_SD_GetCardState
 .text.BSP_SD_GetCardInfo
                0x0000000008007424       0x1c ./FATFS/Target/bsp_driver_sd.o
                0x0000000008007424                BSP_SD_GetCardInfo
 .text.HAL_SD_AbortCallback
                0x0000000008007440       0x14 ./FATFS/Target/bsp_driver_sd.o
                0x0000000008007440                HAL_SD_AbortCallback
 .text.HAL_SD_TxCpltCallback
                0x0000000008007454       0x14 ./FATFS/Target/bsp_driver_sd.o
                0x0000000008007454                HAL_SD_TxCpltCallback
 .text.HAL_SD_RxCpltCallback
                0x0000000008007468       0x14 ./FATFS/Target/bsp_driver_sd.o
                0x0000000008007468                HAL_SD_RxCpltCallback
 .text.BSP_SD_AbortCallback
                0x000000000800747c        0xe ./FATFS/Target/bsp_driver_sd.o
                0x000000000800747c                BSP_SD_AbortCallback
 .text.BSP_SD_IsDetected
                0x000000000800748a       0x1a ./FATFS/Target/bsp_driver_sd.o
                0x000000000800748a                BSP_SD_IsDetected
 .text.SD_CheckStatusWithTimeout
                0x00000000080074a4       0x3a ./FATFS/Target/sd_diskio.o
 *fill*         0x00000000080074de        0x2 
 .text.SD_CheckStatus
                0x00000000080074e0       0x3c ./FATFS/Target/sd_diskio.o
 .text.SD_initialize
                0x000000000800751c       0x38 ./FATFS/Target/sd_diskio.o
                0x000000000800751c                SD_initialize
 .text.SD_status
                0x0000000008007554       0x1c ./FATFS/Target/sd_diskio.o
                0x0000000008007554                SD_status
 .text.SD_read  0x0000000008007570       0xac ./FATFS/Target/sd_diskio.o
                0x0000000008007570                SD_read
 .text.SD_write
                0x000000000800761c       0xac ./FATFS/Target/sd_diskio.o
                0x000000000800761c                SD_write
 .text.SD_ioctl
                0x00000000080076c8       0xb0 ./FATFS/Target/sd_diskio.o
                0x00000000080076c8                SD_ioctl
 .text.BSP_SD_WriteCpltCallback
                0x0000000008007778       0x18 ./FATFS/Target/sd_diskio.o
                0x0000000008007778                BSP_SD_WriteCpltCallback
 .text.BSP_SD_ReadCpltCallback
                0x0000000008007790       0x18 ./FATFS/Target/sd_diskio.o
                0x0000000008007790                BSP_SD_ReadCpltCallback
 .text.disk_status
                0x00000000080077a8       0x34 ./Middlewares/Third_Party/FatFs/src/diskio.o
                0x00000000080077a8                disk_status
 .text.disk_initialize
                0x00000000080077dc       0x4c ./Middlewares/Third_Party/FatFs/src/diskio.o
                0x00000000080077dc                disk_initialize
 .text.disk_read
                0x0000000008007828       0x40 ./Middlewares/Third_Party/FatFs/src/diskio.o
                0x0000000008007828                disk_read
 .text.disk_write
                0x0000000008007868       0x40 ./Middlewares/Third_Party/FatFs/src/diskio.o
                0x0000000008007868                disk_write
 .text.disk_ioctl
                0x00000000080078a8       0x3c ./Middlewares/Third_Party/FatFs/src/diskio.o
                0x00000000080078a8                disk_ioctl
 .text.ld_word  0x00000000080078e4       0x30 ./Middlewares/Third_Party/FatFs/src/ff.o
 .text.ld_dword
                0x0000000008007914       0x46 ./Middlewares/Third_Party/FatFs/src/ff.o
 .text.st_word  0x000000000800795a       0x36 ./Middlewares/Third_Party/FatFs/src/ff.o
 .text.st_dword
                0x0000000008007990       0x58 ./Middlewares/Third_Party/FatFs/src/ff.o
 .text.mem_cpy  0x00000000080079e8       0x42 ./Middlewares/Third_Party/FatFs/src/ff.o
 .text.mem_set  0x0000000008007a2a       0x36 ./Middlewares/Third_Party/FatFs/src/ff.o
 .text.mem_cmp  0x0000000008007a60       0x4e ./Middlewares/Third_Party/FatFs/src/ff.o
 .text.chk_chr  0x0000000008007aae       0x36 ./Middlewares/Third_Party/FatFs/src/ff.o
 .text.chk_lock
                0x0000000008007ae4       0xb8 ./Middlewares/Third_Party/FatFs/src/ff.o
 .text.enq_lock
                0x0000000008007b9c       0x44 ./Middlewares/Third_Party/FatFs/src/ff.o
 .text.inc_lock
                0x0000000008007be0      0x11c ./Middlewares/Third_Party/FatFs/src/ff.o
 .text.dec_lock
                0x0000000008007cfc       0x78 ./Middlewares/Third_Party/FatFs/src/ff.o
 .text.clear_lock
                0x0000000008007d74       0x48 ./Middlewares/Third_Party/FatFs/src/ff.o
 .text.sync_window
                0x0000000008007dbc       0x88 ./Middlewares/Third_Party/FatFs/src/ff.o
 .text.move_window
                0x0000000008007e44       0x5a ./Middlewares/Third_Party/FatFs/src/ff.o
 *fill*         0x0000000008007e9e        0x2 
 .text.sync_fs  0x0000000008007ea0       0xe0 ./Middlewares/Third_Party/FatFs/src/ff.o
 .text.clust2sect
                0x0000000008007f80       0x3e ./Middlewares/Third_Party/FatFs/src/ff.o
 .text.get_fat  0x0000000008007fbe      0x1a8 ./Middlewares/Third_Party/FatFs/src/ff.o
 .text.put_fat  0x0000000008008166      0x238 ./Middlewares/Third_Party/FatFs/src/ff.o
 .text.remove_chain
                0x000000000800839e       0xca ./Middlewares/Third_Party/FatFs/src/ff.o
 .text.create_chain
                0x0000000008008468      0x130 ./Middlewares/Third_Party/FatFs/src/ff.o
 .text.clmt_clust
                0x0000000008008598       0x70 ./Middlewares/Third_Party/FatFs/src/ff.o
 .text.dir_sdi  0x0000000008008608      0x112 ./Middlewares/Third_Party/FatFs/src/ff.o
 .text.dir_next
                0x000000000800871a      0x1ac ./Middlewares/Third_Party/FatFs/src/ff.o
 .text.dir_alloc
                0x00000000080088c6       0x8e ./Middlewares/Third_Party/FatFs/src/ff.o
 .text.ld_clust
                0x0000000008008954       0x3e ./Middlewares/Third_Party/FatFs/src/ff.o
 .text.st_clust
                0x0000000008008992       0x40 ./Middlewares/Third_Party/FatFs/src/ff.o
 .text.dir_find
                0x00000000080089d2       0xaa ./Middlewares/Third_Party/FatFs/src/ff.o
 .text.dir_register
                0x0000000008008a7c       0x64 ./Middlewares/Third_Party/FatFs/src/ff.o
 .text.create_name
                0x0000000008008ae0      0x128 ./Middlewares/Third_Party/FatFs/src/ff.o
 .text.follow_path
                0x0000000008008c08       0xec ./Middlewares/Third_Party/FatFs/src/ff.o
 .text.get_ldnumber
                0x0000000008008cf4       0x88 ./Middlewares/Third_Party/FatFs/src/ff.o
 .text.check_fs
                0x0000000008008d7c       0xac ./Middlewares/Third_Party/FatFs/src/ff.o
 .text.find_volume
                0x0000000008008e28      0x500 ./Middlewares/Third_Party/FatFs/src/ff.o
 .text.validate
                0x0000000008009328       0x6a ./Middlewares/Third_Party/FatFs/src/ff.o
 *fill*         0x0000000008009392        0x2 
 .text.f_mount  0x0000000008009394       0x8c ./Middlewares/Third_Party/FatFs/src/ff.o
                0x0000000008009394                f_mount
 .text.f_open   0x0000000008009420      0x398 ./Middlewares/Third_Party/FatFs/src/ff.o
                0x0000000008009420                f_open
 .text.f_write  0x00000000080097b8      0x328 ./Middlewares/Third_Party/FatFs/src/ff.o
                0x00000000080097b8                f_write
 .text.f_sync   0x0000000008009ae0       0xfc ./Middlewares/Third_Party/FatFs/src/ff.o
                0x0000000008009ae0                f_sync
 .text.f_close  0x0000000008009bdc       0x54 ./Middlewares/Third_Party/FatFs/src/ff.o
                0x0000000008009bdc                f_close
 .text.FATFS_LinkDriverEx
                0x0000000008009c30       0x98 ./Middlewares/Third_Party/FatFs/src/ff_gen_drv.o
                0x0000000008009c30                FATFS_LinkDriverEx
 .text.FATFS_LinkDriver
                0x0000000008009cc8       0x1e ./Middlewares/Third_Party/FatFs/src/ff_gen_drv.o
                0x0000000008009cc8                FATFS_LinkDriver
 *fill*         0x0000000008009ce6        0x2 
 .text.__libc_init_array
                0x0000000008009ce8       0x48 /opt/st/stm32cubeide_1.10.1/plugins/com.st.stm32cube.ide.mcu.externaltools.gnu-tools-for-stm32.10.3-2021.10.linux64_1.0.0.202111181127/tools/bin/../lib/gcc/arm-none-eabi/10.3.1/../../../../arm-none-eabi/lib/thumb/v7e-m+fp/hard/libc_nano.a(lib_a-init.o)
                0x0000000008009ce8                __libc_init_array
 .text.memcpy   0x0000000008009d30       0x1c /opt/st/stm32cubeide_1.10.1/plugins/com.st.stm32cube.ide.mcu.externaltools.gnu-tools-for-stm32.10.3-2021.10.linux64_1.0.0.202111181127/tools/bin/../lib/gcc/arm-none-eabi/10.3.1/../../../../arm-none-eabi/lib/thumb/v7e-m+fp/hard/libc_nano.a(lib_a-memcpy-stub.o)
                0x0000000008009d30                memcpy
 .text.memset   0x0000000008009d4c       0x10 /opt/st/stm32cubeide_1.10.1/plugins/com.st.stm32cube.ide.mcu.externaltools.gnu-tools-for-stm32.10.3-2021.10.linux64_1.0.0.202111181127/tools/bin/../lib/gcc/arm-none-eabi/10.3.1/../../../../arm-none-eabi/lib/thumb/v7e-m+fp/hard/libc_nano.a(lib_a-memset.o)
                0x0000000008009d4c                memset
 *(.glue_7)
 .glue_7        0x0000000008009d5c        0x0 linker stubs
 *(.glue_7t)
 .glue_7t       0x0000000008009d5c        0x0 linker stubs
 *(.eh_frame)
 .eh_frame      0x0000000008009d5c        0x0 /opt/st/stm32cubeide_1.10.1/plugins/com.st.stm32cube.ide.mcu.externaltools.gnu-tools-for-stm32.10.3-2021.10.linux64_1.0.0.202111181127/tools/bin/../lib/gcc/arm-none-eabi/10.3.1/thumb/v7e-m+fp/hard/crtbegin.o
 *(.init)
 .init          0x0000000008009d5c        0x4 /opt/st/stm32cubeide_1.10.1/plugins/com.st.stm32cube.ide.mcu.externaltools.gnu-tools-for-stm32.10.3-2021.10.linux64_1.0.0.202111181127/tools/bin/../lib/gcc/arm-none-eabi/10.3.1/thumb/v7e-m+fp/hard/crti.o
                0x0000000008009d5c                _init
 .init          0x0000000008009d60        0x8 /opt/st/stm32cubeide_1.10.1/plugins/com.st.stm32cube.ide.mcu.externaltools.gnu-tools-for-stm32.10.3-2021.10.linux64_1.0.0.202111181127/tools/bin/../lib/gcc/arm-none-eabi/10.3.1/thumb/v7e-m+fp/hard/crtn.o
 *(.fini)
 .fini          0x0000000008009d68        0x4 /opt/st/stm32cubeide_1.10.1/plugins/com.st.stm32cube.ide.mcu.externaltools.gnu-tools-for-stm32.10.3-2021.10.linux64_1.0.0.202111181127/tools/bin/../lib/gcc/arm-none-eabi/10.3.1/thumb/v7e-m+fp/hard/crti.o
                0x0000000008009d68                _fini
 .fini          0x0000000008009d6c        0x8 /opt/st/stm32cubeide_1.10.1/plugins/com.st.stm32cube.ide.mcu.externaltools.gnu-tools-for-stm32.10.3-2021.10.linux64_1.0.0.202111181127/tools/bin/../lib/gcc/arm-none-eabi/10.3.1/thumb/v7e-m+fp/hard/crtn.o
                0x0000000008009d74                . = ALIGN (0x4)
                0x0000000008009d74                _etext = .

.vfp11_veneer   0x0000000008009d74        0x0
 .vfp11_veneer  0x0000000008009d74        0x0 linker stubs

.v4_bx          0x0000000008009d74        0x0
 .v4_bx         0x0000000008009d74        0x0 linker stubs

.iplt           0x0000000008009d74        0x0
 .iplt          0x0000000008009d74        0x0 /opt/st/stm32cubeide_1.10.1/plugins/com.st.stm32cube.ide.mcu.externaltools.gnu-tools-for-stm32.10.3-2021.10.linux64_1.0.0.202111181127/tools/bin/../lib/gcc/arm-none-eabi/10.3.1/thumb/v7e-m+fp/hard/crtbegin.o

.rodata         0x0000000008009d74       0xf8
                0x0000000008009d74                . = ALIGN (0x4)
 *(.rodata)
 .rodata        0x0000000008009d74       0x44 ./Middlewares/Third_Party/FatFs/src/ff.o
 *(.rodata*)
 .rodata.AHBPrescTable
                0x0000000008009db8       0x10 ./Core/Src/system_stm32f4xx.o
                0x0000000008009db8                AHBPrescTable
 .rodata.APBPrescTable
                0x0000000008009dc8        0x8 ./Core/Src/system_stm32f4xx.o
                0x0000000008009dc8                APBPrescTable
 .rodata.flagBitshiftOffset.0
                0x0000000008009dd0        0x8 ./Drivers/STM32F4xx_HAL_Driver/Src/stm32f4xx_hal_dma.o
 .rodata.SD_Driver
                0x0000000008009dd8       0x14 ./FATFS/Target/sd_diskio.o
                0x0000000008009dd8                SD_Driver
 .rodata.ExCvt  0x0000000008009dec       0x80 ./Middlewares/Third_Party/FatFs/src/ff.o
                0x0000000008009e6c                . = ALIGN (0x4)

.ARM.extab      0x0000000008009e6c        0x0
                0x0000000008009e6c                . = ALIGN (0x4)
 *(.ARM.extab* .gnu.linkonce.armextab.*)
                0x0000000008009e6c                . = ALIGN (0x4)

.ARM            0x0000000008009e6c        0x8
                0x0000000008009e6c                . = ALIGN (0x4)
                0x0000000008009e6c                __exidx_start = .
 *(.ARM.exidx*)
 .ARM.exidx     0x0000000008009e6c        0x8 /opt/st/stm32cubeide_1.10.1/plugins/com.st.stm32cube.ide.mcu.externaltools.gnu-tools-for-stm32.10.3-2021.10.linux64_1.0.0.202111181127/tools/bin/../lib/gcc/arm-none-eabi/10.3.1/thumb/v7e-m+fp/hard/libgcc.a(_udivmoddi4.o)
                0x0000000008009e74                __exidx_end = .
                0x0000000008009e74                . = ALIGN (0x4)

.rel.dyn        0x0000000008009e74        0x0
 .rel.iplt      0x0000000008009e74        0x0 /opt/st/stm32cubeide_1.10.1/plugins/com.st.stm32cube.ide.mcu.externaltools.gnu-tools-for-stm32.10.3-2021.10.linux64_1.0.0.202111181127/tools/bin/../lib/gcc/arm-none-eabi/10.3.1/thumb/v7e-m+fp/hard/crtbegin.o

.preinit_array  0x0000000008009e74        0x0
                0x0000000008009e74                . = ALIGN (0x4)
                0x0000000008009e74                PROVIDE (__preinit_array_start = .)
 *(.preinit_array*)
                0x0000000008009e74                PROVIDE (__preinit_array_end = .)
                0x0000000008009e74                . = ALIGN (0x4)

.init_array     0x0000000008009e74        0x4
                0x0000000008009e74                . = ALIGN (0x4)
                0x0000000008009e74                PROVIDE (__init_array_start = .)
 *(SORT_BY_NAME(.init_array.*))
 *(.init_array*)
 .init_array    0x0000000008009e74        0x4 /opt/st/stm32cubeide_1.10.1/plugins/com.st.stm32cube.ide.mcu.externaltools.gnu-tools-for-stm32.10.3-2021.10.linux64_1.0.0.202111181127/tools/bin/../lib/gcc/arm-none-eabi/10.3.1/thumb/v7e-m+fp/hard/crtbegin.o
                0x0000000008009e78                PROVIDE (__init_array_end = .)
                0x0000000008009e78                . = ALIGN (0x4)

.fini_array     0x0000000008009e78        0x4
                0x0000000008009e78                . = ALIGN (0x4)
                [!provide]                        PROVIDE (__fini_array_start = .)
 *(SORT_BY_NAME(.fini_array.*))
 *(.fini_array*)
 .fini_array    0x0000000008009e78        0x4 /opt/st/stm32cubeide_1.10.1/plugins/com.st.stm32cube.ide.mcu.externaltools.gnu-tools-for-stm32.10.3-2021.10.linux64_1.0.0.202111181127/tools/bin/../lib/gcc/arm-none-eabi/10.3.1/thumb/v7e-m+fp/hard/crtbegin.o
                [!provide]                        PROVIDE (__fini_array_end = .)
                0x0000000008009e7c                . = ALIGN (0x4)
                0x0000000008009e7c                _sidata = LOADADDR (.data)

.data           0x0000000020000000       0x18 load address 0x0000000008009e7c
                0x0000000020000000                . = ALIGN (0x4)
                0x0000000020000000                _sdata = .
 *(.data)
 *(.data*)
 .data.myfilename
                0x0000000020000000        0x9 ./Core/Src/main.o
                0x0000000020000000                myfilename
 .data.savestart
                0x0000000020000009        0x1 ./Core/Src/main.o
                0x0000000020000009                savestart
 *fill*         0x000000002000000a        0x2 
 .data.SystemCoreClock
                0x000000002000000c        0x4 ./Core/Src/system_stm32f4xx.o
                0x000000002000000c                SystemCoreClock
 .data.uwTickPrio
                0x0000000020000010        0x4 ./Drivers/STM32F4xx_HAL_Driver/Src/stm32f4xx_hal.o
                0x0000000020000010                uwTickPrio
 .data.uwTickFreq
                0x0000000020000014        0x1 ./Drivers/STM32F4xx_HAL_Driver/Src/stm32f4xx_hal.o
                0x0000000020000014                uwTickFreq
 .data.Stat     0x0000000020000015        0x1 ./FATFS/Target/sd_diskio.o
 *(.RamFunc)
 *(.RamFunc*)
                0x0000000020000018                . = ALIGN (0x4)
 *fill*         0x0000000020000016        0x2 
                0x0000000020000018                _edata = .

.igot.plt       0x0000000020000018        0x0 load address 0x0000000008009e94
 .igot.plt      0x0000000020000018        0x0 /opt/st/stm32cubeide_1.10.1/plugins/com.st.stm32cube.ide.mcu.externaltools.gnu-tools-for-stm32.10.3-2021.10.linux64_1.0.0.202111181127/tools/bin/../lib/gcc/arm-none-eabi/10.3.1/thumb/v7e-m+fp/hard/crtbegin.o
                0x0000000020000018                . = ALIGN (0x4)

.bss            0x0000000020000018     0xa450 load address 0x0000000008009e94
                0x0000000020000018                _sbss = .
                0x0000000020000018                __bss_start__ = _sbss
 *(.bss)
 .bss           0x0000000020000018       0x1c /opt/st/stm32cubeide_1.10.1/plugins/com.st.stm32cube.ide.mcu.externaltools.gnu-tools-for-stm32.10.3-2021.10.linux64_1.0.0.202111181127/tools/bin/../lib/gcc/arm-none-eabi/10.3.1/thumb/v7e-m+fp/hard/crtbegin.o
 *(.bss*)
 .bss.SD        0x0000000020000034     0x6070 ./Core/Src/SD_FATFS.o
                0x0000000020000034                SD
 .bss.ACV       0x00000000200060a4        0x1 ./Core/Src/main.o
                0x00000000200060a4                ACV
 .bss.firstconversion
                0x00000000200060a5        0x1 ./Core/Src/main.o
                0x00000000200060a5                firstconversion
 .bss.secondconversion
                0x00000000200060a6        0x1 ./Core/Src/main.o
                0x00000000200060a6                secondconversion
 *fill*         0x00000000200060a7        0x1 
 .bss.adcdata   0x00000000200060a8       0x10 ./Core/Src/main.o
                0x00000000200060a8                adcdata
 .bss.savestop  0x00000000200060b8        0x1 ./Core/Src/main.o
                0x00000000200060b8                savestop
 *fill*         0x00000000200060b9        0x3 
 .bss.thalfread1
                0x00000000200060bc        0x4 ./Core/Src/main.o
                0x00000000200060bc                thalfread1
 .bss.thalfread2
                0x00000000200060c0        0x4 ./Core/Src/main.o
                0x00000000200060c0                thalfread2
 .bss.dmaArraytime
                0x00000000200060c4        0x4 ./Core/Src/main.o
                0x00000000200060c4                dmaArraytime
 .bss.tsaveSD1  0x00000000200060c8        0x4 ./Core/Src/main.o
                0x00000000200060c8                tsaveSD1
 .bss.tsaveSD2  0x00000000200060cc        0x4 ./Core/Src/main.o
                0x00000000200060cc                tsaveSD2
 .bss.databuf   0x00000000200060d0     0x3fc0 ./Core/Src/mcp3208.o
                0x00000000200060d0                databuf
 .bss.adcconv   0x000000002000a090       0x18 ./Core/Src/mcp3208.o
                0x000000002000a090                adcconv
 .bss.hsd       0x000000002000a0a8       0x84 ./Core/Src/sdio.o
                0x000000002000a0a8                hsd
 .bss.hdma_sdio_rx
                0x000000002000a12c       0x60 ./Core/Src/sdio.o
                0x000000002000a12c                hdma_sdio_rx
 .bss.hdma_sdio_tx
                0x000000002000a18c       0x60 ./Core/Src/sdio.o
                0x000000002000a18c                hdma_sdio_tx
 .bss.hspi4     0x000000002000a1ec       0x58 ./Core/Src/spi.o
                0x000000002000a1ec                hspi4
 .bss.hdma_spi4_rx
                0x000000002000a244       0x60 ./Core/Src/spi.o
                0x000000002000a244                hdma_spi4_rx
 .bss.htim1     0x000000002000a2a4       0x48 ./Core/Src/tim.o
                0x000000002000a2a4                htim1
 .bss.htim2     0x000000002000a2ec       0x48 ./Core/Src/tim.o
                0x000000002000a2ec                htim2
 .bss.htim3     0x000000002000a334       0x48 ./Core/Src/tim.o
                0x000000002000a334                htim3
 .bss.hdma_tim1_ch1
                0x000000002000a37c       0x60 ./Core/Src/tim.o
                0x000000002000a37c                hdma_tim1_ch1
 .bss.huart2    0x000000002000a3dc       0x44 ./Core/Src/usart.o
                0x000000002000a3dc                huart2
 .bss.uwTick    0x000000002000a420        0x4 ./Drivers/STM32F4xx_HAL_Driver/Src/stm32f4xx_hal.o
                0x000000002000a420                uwTick
 .bss.retSD     0x000000002000a424        0x1 ./FATFS/App/fatfs.o
                0x000000002000a424                retSD
 *fill*         0x000000002000a425        0x3 
 .bss.SDPath    0x000000002000a428        0x4 ./FATFS/App/fatfs.o
                0x000000002000a428                SDPath
 .bss.WriteStatus
                0x000000002000a42c        0x4 ./FATFS/Target/sd_diskio.o
 .bss.ReadStatus
                0x000000002000a430        0x4 ./FATFS/Target/sd_diskio.o
 .bss.FatFs     0x000000002000a434        0x4 ./Middlewares/Third_Party/FatFs/src/ff.o
 .bss.Fsid      0x000000002000a438        0x2 ./Middlewares/Third_Party/FatFs/src/ff.o
 *fill*         0x000000002000a43a        0x2 
 .bss.Files     0x000000002000a43c       0x20 ./Middlewares/Third_Party/FatFs/src/ff.o
 .bss.disk      0x000000002000a45c        0xc ./Middlewares/Third_Party/FatFs/src/ff_gen_drv.o
                0x000000002000a45c                disk
 *(COMMON)
                0x000000002000a468                . = ALIGN (0x4)
                0x000000002000a468                _ebss = .
                0x000000002000a468                __bss_end__ = _ebss

._user_heap_stack
                0x000000002000a468      0x600 load address 0x0000000008009e94
                0x000000002000a468                . = ALIGN (0x8)
                [!provide]                        PROVIDE (end = .)
                0x000000002000a468                PROVIDE (_end = .)
                0x000000002000a668                . = (. + _Min_Heap_Size)
 *fill*         0x000000002000a468      0x200 
                0x000000002000aa68                . = (. + _Min_Stack_Size)
 *fill*         0x000000002000a668      0x400 
                0x000000002000aa68                . = ALIGN (0x8)

/DISCARD/
 libc.a(*)
 libm.a(*)
 libgcc.a(*)

.ARM.attributes
                0x0000000000000000       0x30
 *(.ARM.attributes)
 .ARM.attributes
                0x0000000000000000       0x1e /opt/st/stm32cubeide_1.10.1/plugins/com.st.stm32cube.ide.mcu.externaltools.gnu-tools-for-stm32.10.3-2021.10.linux64_1.0.0.202111181127/tools/bin/../lib/gcc/arm-none-eabi/10.3.1/thumb/v7e-m+fp/hard/crti.o
 .ARM.attributes
                0x000000000000001e       0x34 /opt/st/stm32cubeide_1.10.1/plugins/com.st.stm32cube.ide.mcu.externaltools.gnu-tools-for-stm32.10.3-2021.10.linux64_1.0.0.202111181127/tools/bin/../lib/gcc/arm-none-eabi/10.3.1/thumb/v7e-m+fp/hard/crtbegin.o
 .ARM.attributes
                0x0000000000000052       0x34 ./Core/Src/SD_FATFS.o
 .ARM.attributes
                0x0000000000000086       0x34 ./Core/Src/dma.o
 .ARM.attributes
                0x00000000000000ba       0x34 ./Core/Src/gpio.o
 .ARM.attributes
                0x00000000000000ee       0x34 ./Core/Src/main.o
 .ARM.attributes
                0x0000000000000122       0x34 ./Core/Src/mcp3208.o
 .ARM.attributes
                0x0000000000000156       0x34 ./Core/Src/sdio.o
 .ARM.attributes
                0x000000000000018a       0x34 ./Core/Src/spi.o
 .ARM.attributes
                0x00000000000001be       0x34 ./Core/Src/stm32f4xx_hal_msp.o
 .ARM.attributes
                0x00000000000001f2       0x34 ./Core/Src/stm32f4xx_it.o
 .ARM.attributes
                0x0000000000000226       0x34 ./Core/Src/system_stm32f4xx.o
 .ARM.attributes
                0x000000000000025a       0x34 ./Core/Src/tim.o
 .ARM.attributes
                0x000000000000028e       0x34 ./Core/Src/usart.o
 .ARM.attributes
                0x00000000000002c2       0x21 ./Core/Startup/startup_stm32f411ceux.o
 .ARM.attributes
                0x00000000000002e3       0x34 ./Drivers/STM32F4xx_HAL_Driver/Src/stm32f4xx_hal.o
 .ARM.attributes
                0x0000000000000317       0x34 ./Drivers/STM32F4xx_HAL_Driver/Src/stm32f4xx_hal_cortex.o
 .ARM.attributes
                0x000000000000034b       0x34 ./Drivers/STM32F4xx_HAL_Driver/Src/stm32f4xx_hal_dma.o
 .ARM.attributes
                0x000000000000037f       0x34 ./Drivers/STM32F4xx_HAL_Driver/Src/stm32f4xx_hal_gpio.o
 .ARM.attributes
                0x00000000000003b3       0x34 ./Drivers/STM32F4xx_HAL_Driver/Src/stm32f4xx_hal_rcc.o
 .ARM.attributes
                0x00000000000003e7       0x34 ./Drivers/STM32F4xx_HAL_Driver/Src/stm32f4xx_hal_sd.o
 .ARM.attributes
                0x000000000000041b       0x34 ./Drivers/STM32F4xx_HAL_Driver/Src/stm32f4xx_hal_spi.o
 .ARM.attributes
                0x000000000000044f       0x34 ./Drivers/STM32F4xx_HAL_Driver/Src/stm32f4xx_hal_tim.o
 .ARM.attributes
                0x0000000000000483       0x34 ./Drivers/STM32F4xx_HAL_Driver/Src/stm32f4xx_hal_tim_ex.o
 .ARM.attributes
                0x00000000000004b7       0x34 ./Drivers/STM32F4xx_HAL_Driver/Src/stm32f4xx_hal_uart.o
 .ARM.attributes
                0x00000000000004eb       0x34 ./Drivers/STM32F4xx_HAL_Driver/Src/stm32f4xx_ll_sdmmc.o
 .ARM.attributes
                0x000000000000051f       0x34 ./FATFS/App/fatfs.o
 .ARM.attributes
                0x0000000000000553       0x34 ./FATFS/Target/bsp_driver_sd.o
 .ARM.attributes
                0x0000000000000587       0x34 ./FATFS/Target/sd_diskio.o
 .ARM.attributes
                0x00000000000005bb       0x34 ./Middlewares/Third_Party/FatFs/src/diskio.o
 .ARM.attributes
                0x00000000000005ef       0x34 ./Middlewares/Third_Party/FatFs/src/ff.o
 .ARM.attributes
                0x0000000000000623       0x34 ./Middlewares/Third_Party/FatFs/src/ff_gen_drv.o
 .ARM.attributes
                0x0000000000000657       0x34 /opt/st/stm32cubeide_1.10.1/plugins/com.st.stm32cube.ide.mcu.externaltools.gnu-tools-for-stm32.10.3-2021.10.linux64_1.0.0.202111181127/tools/bin/../lib/gcc/arm-none-eabi/10.3.1/../../../../arm-none-eabi/lib/thumb/v7e-m+fp/hard/libc_nano.a(lib_a-init.o)
 .ARM.attributes
                0x000000000000068b       0x34 /opt/st/stm32cubeide_1.10.1/plugins/com.st.stm32cube.ide.mcu.externaltools.gnu-tools-for-stm32.10.3-2021.10.linux64_1.0.0.202111181127/tools/bin/../lib/gcc/arm-none-eabi/10.3.1/../../../../arm-none-eabi/lib/thumb/v7e-m+fp/hard/libc_nano.a(lib_a-memcpy-stub.o)
 .ARM.attributes
                0x00000000000006bf       0x34 /opt/st/stm32cubeide_1.10.1/plugins/com.st.stm32cube.ide.mcu.externaltools.gnu-tools-for-stm32.10.3-2021.10.linux64_1.0.0.202111181127/tools/bin/../lib/gcc/arm-none-eabi/10.3.1/../../../../arm-none-eabi/lib/thumb/v7e-m+fp/hard/libc_nano.a(lib_a-memset.o)
 .ARM.attributes
                0x00000000000006f3       0x1e /opt/st/stm32cubeide_1.10.1/plugins/com.st.stm32cube.ide.mcu.externaltools.gnu-tools-for-stm32.10.3-2021.10.linux64_1.0.0.202111181127/tools/bin/../lib/gcc/arm-none-eabi/10.3.1/thumb/v7e-m+fp/hard/libgcc.a(_aeabi_uldivmod.o)
 .ARM.attributes
                0x0000000000000711       0x34 /opt/st/stm32cubeide_1.10.1/plugins/com.st.stm32cube.ide.mcu.externaltools.gnu-tools-for-stm32.10.3-2021.10.linux64_1.0.0.202111181127/tools/bin/../lib/gcc/arm-none-eabi/10.3.1/thumb/v7e-m+fp/hard/libgcc.a(_udivmoddi4.o)
 .ARM.attributes
                0x0000000000000745       0x1e /opt/st/stm32cubeide_1.10.1/plugins/com.st.stm32cube.ide.mcu.externaltools.gnu-tools-for-stm32.10.3-2021.10.linux64_1.0.0.202111181127/tools/bin/../lib/gcc/arm-none-eabi/10.3.1/thumb/v7e-m+fp/hard/libgcc.a(_dvmd_tls.o)
 .ARM.attributes
                0x0000000000000763       0x1e /opt/st/stm32cubeide_1.10.1/plugins/com.st.stm32cube.ide.mcu.externaltools.gnu-tools-for-stm32.10.3-2021.10.linux64_1.0.0.202111181127/tools/bin/../lib/gcc/arm-none-eabi/10.3.1/thumb/v7e-m+fp/hard/crtn.o
OUTPUT(Slave.elf elf32-littlearm)
LOAD linker stubs
LOAD /opt/st/stm32cubeide_1.10.1/plugins/com.st.stm32cube.ide.mcu.externaltools.gnu-tools-for-stm32.10.3-2021.10.linux64_1.0.0.202111181127/tools/bin/../lib/gcc/arm-none-eabi/10.3.1/../../../../arm-none-eabi/lib/thumb/v7e-m+fp/hard/libc.a
LOAD /opt/st/stm32cubeide_1.10.1/plugins/com.st.stm32cube.ide.mcu.externaltools.gnu-tools-for-stm32.10.3-2021.10.linux64_1.0.0.202111181127/tools/bin/../lib/gcc/arm-none-eabi/10.3.1/../../../../arm-none-eabi/lib/thumb/v7e-m+fp/hard/libm.a
LOAD /opt/st/stm32cubeide_1.10.1/plugins/com.st.stm32cube.ide.mcu.externaltools.gnu-tools-for-stm32.10.3-2021.10.linux64_1.0.0.202111181127/tools/bin/../lib/gcc/arm-none-eabi/10.3.1/thumb/v7e-m+fp/hard/libgcc.a

.debug_info     0x0000000000000000    0x1a0f2
 .debug_info    0x0000000000000000      0x5f0 ./Core/Src/SD_FATFS.o
 .debug_info    0x00000000000005f0      0x488 ./Core/Src/dma.o
 .debug_info    0x0000000000000a78      0x634 ./Core/Src/gpio.o
 .debug_info    0x00000000000010ac     0x186d ./Core/Src/main.o
 .debug_info    0x0000000000002919      0xa91 ./Core/Src/mcp3208.o
 .debug_info    0x00000000000033aa      0xd29 ./Core/Src/sdio.o
 .debug_info    0x00000000000040d3      0xa6c ./Core/Src/spi.o
 .debug_info    0x0000000000004b3f      0x2d4 ./Core/Src/stm32f4xx_hal_msp.o
 .debug_info    0x0000000000004e13      0x847 ./Core/Src/stm32f4xx_it.o
 .debug_info    0x000000000000565a      0x54f ./Core/Src/system_stm32f4xx.o
 .debug_info    0x0000000000005ba9      0xf17 ./Core/Src/tim.o
 .debug_info    0x0000000000006ac0      0x9c4 ./Core/Src/usart.o
 .debug_info    0x0000000000007484       0x22 ./Core/Startup/startup_stm32f411ceux.o
 .debug_info    0x00000000000074a6      0x90d ./Drivers/STM32F4xx_HAL_Driver/Src/stm32f4xx_hal.o
 .debug_info    0x0000000000007db3      0xd8b ./Drivers/STM32F4xx_HAL_Driver/Src/stm32f4xx_hal_cortex.o
 .debug_info    0x0000000000008b3e      0x947 ./Drivers/STM32F4xx_HAL_Driver/Src/stm32f4xx_hal_dma.o
 .debug_info    0x0000000000009485      0x78e ./Drivers/STM32F4xx_HAL_Driver/Src/stm32f4xx_hal_gpio.o
 .debug_info    0x0000000000009c13      0x98d ./Drivers/STM32F4xx_HAL_Driver/Src/stm32f4xx_hal_rcc.o
 .debug_info    0x000000000000a5a0     0x1d2c ./Drivers/STM32F4xx_HAL_Driver/Src/stm32f4xx_hal_sd.o
 .debug_info    0x000000000000c2cc     0x1750 ./Drivers/STM32F4xx_HAL_Driver/Src/stm32f4xx_hal_spi.o
 .debug_info    0x000000000000da1c     0x2bb6 ./Drivers/STM32F4xx_HAL_Driver/Src/stm32f4xx_hal_tim.o
 .debug_info    0x00000000000105d2     0x15d8 ./Drivers/STM32F4xx_HAL_Driver/Src/stm32f4xx_hal_tim_ex.o
 .debug_info    0x0000000000011baa     0x31b4 ./Drivers/STM32F4xx_HAL_Driver/Src/stm32f4xx_hal_uart.o
 .debug_info    0x0000000000014d5e     0x11dd ./Drivers/STM32F4xx_HAL_Driver/Src/stm32f4xx_ll_sdmmc.o
 .debug_info    0x0000000000015f3b      0x507 ./FATFS/App/fatfs.o
 .debug_info    0x0000000000016442      0xb4d ./FATFS/Target/bsp_driver_sd.o
 .debug_info    0x0000000000016f8f      0x59e ./FATFS/Target/sd_diskio.o
 .debug_info    0x000000000001752d      0x412 ./Middlewares/Third_Party/FatFs/src/diskio.o
 .debug_info    0x000000000001793f     0x240a ./Middlewares/Third_Party/FatFs/src/ff.o
 .debug_info    0x0000000000019d49      0x3a9 ./Middlewares/Third_Party/FatFs/src/ff_gen_drv.o

.debug_abbrev   0x0000000000000000     0x3b75
 .debug_abbrev  0x0000000000000000      0x1f7 ./Core/Src/SD_FATFS.o
 .debug_abbrev  0x00000000000001f7      0x10a ./Core/Src/dma.o
 .debug_abbrev  0x0000000000000301      0x164 ./Core/Src/gpio.o
 .debug_abbrev  0x0000000000000465      0x355 ./Core/Src/main.o
 .debug_abbrev  0x00000000000007ba      0x1af ./Core/Src/mcp3208.o
 .debug_abbrev  0x0000000000000969      0x218 ./Core/Src/sdio.o
 .debug_abbrev  0x0000000000000b81      0x1f3 ./Core/Src/spi.o
 .debug_abbrev  0x0000000000000d74       0xd4 ./Core/Src/stm32f4xx_hal_msp.o
 .debug_abbrev  0x0000000000000e48      0x1cb ./Core/Src/stm32f4xx_it.o
 .debug_abbrev  0x0000000000001013      0x116 ./Core/Src/system_stm32f4xx.o
 .debug_abbrev  0x0000000000001129      0x244 ./Core/Src/tim.o
 .debug_abbrev  0x000000000000136d      0x1e7 ./Core/Src/usart.o
 .debug_abbrev  0x0000000000001554       0x12 ./Core/Startup/startup_stm32f411ceux.o
 .debug_abbrev  0x0000000000001566      0x23e ./Drivers/STM32F4xx_HAL_Driver/Src/stm32f4xx_hal.o
 .debug_abbrev  0x00000000000017a4      0x316 ./Drivers/STM32F4xx_HAL_Driver/Src/stm32f4xx_hal_cortex.o
 .debug_abbrev  0x0000000000001aba      0x21b ./Drivers/STM32F4xx_HAL_Driver/Src/stm32f4xx_hal_dma.o
 .debug_abbrev  0x0000000000001cd5      0x1c4 ./Drivers/STM32F4xx_HAL_Driver/Src/stm32f4xx_hal_gpio.o
 .debug_abbrev  0x0000000000001e99      0x2aa ./Drivers/STM32F4xx_HAL_Driver/Src/stm32f4xx_hal_rcc.o
 .debug_abbrev  0x0000000000002143      0x288 ./Drivers/STM32F4xx_HAL_Driver/Src/stm32f4xx_hal_sd.o
 .debug_abbrev  0x00000000000023cb      0x26e ./Drivers/STM32F4xx_HAL_Driver/Src/stm32f4xx_hal_spi.o
 .debug_abbrev  0x0000000000002639      0x26e ./Drivers/STM32F4xx_HAL_Driver/Src/stm32f4xx_hal_tim.o
 .debug_abbrev  0x00000000000028a7      0x276 ./Drivers/STM32F4xx_HAL_Driver/Src/stm32f4xx_hal_tim_ex.o
 .debug_abbrev  0x0000000000002b1d      0x305 ./Drivers/STM32F4xx_HAL_Driver/Src/stm32f4xx_hal_uart.o
 .debug_abbrev  0x0000000000002e22      0x1ce ./Drivers/STM32F4xx_HAL_Driver/Src/stm32f4xx_ll_sdmmc.o
 .debug_abbrev  0x0000000000002ff0      0x15a ./FATFS/App/fatfs.o
 .debug_abbrev  0x000000000000314a      0x295 ./FATFS/Target/bsp_driver_sd.o
 .debug_abbrev  0x00000000000033df      0x21f ./FATFS/Target/sd_diskio.o
 .debug_abbrev  0x00000000000035fe      0x178 ./Middlewares/Third_Party/FatFs/src/diskio.o
 .debug_abbrev  0x0000000000003776      0x269 ./Middlewares/Third_Party/FatFs/src/ff.o
 .debug_abbrev  0x00000000000039df      0x196 ./Middlewares/Third_Party/FatFs/src/ff_gen_drv.o

.debug_aranges  0x0000000000000000     0x15f8
 .debug_aranges
                0x0000000000000000       0x40 ./Core/Src/SD_FATFS.o
 .debug_aranges
                0x0000000000000040       0x20 ./Core/Src/dma.o
 .debug_aranges
                0x0000000000000060       0x20 ./Core/Src/gpio.o
 .debug_aranges
                0x0000000000000080       0x58 ./Core/Src/main.o
 .debug_aranges
                0x00000000000000d8       0x20 ./Core/Src/mcp3208.o
 .debug_aranges
                0x00000000000000f8       0x30 ./Core/Src/sdio.o
 .debug_aranges
                0x0000000000000128       0x30 ./Core/Src/spi.o
 .debug_aranges
                0x0000000000000158       0x20 ./Core/Src/stm32f4xx_hal_msp.o
 .debug_aranges
                0x0000000000000178       0x90 ./Core/Src/stm32f4xx_it.o
 .debug_aranges
                0x0000000000000208       0x28 ./Core/Src/system_stm32f4xx.o
 .debug_aranges
                0x0000000000000230       0x48 ./Core/Src/tim.o
 .debug_aranges
                0x0000000000000278       0x30 ./Core/Src/usart.o
 .debug_aranges
                0x00000000000002a8       0x28 ./Core/Startup/startup_stm32f411ceux.o
 .debug_aranges
                0x00000000000002d0       0xf0 ./Drivers/STM32F4xx_HAL_Driver/Src/stm32f4xx_hal.o
 .debug_aranges
                0x00000000000003c0      0x118 ./Drivers/STM32F4xx_HAL_Driver/Src/stm32f4xx_hal_cortex.o
 .debug_aranges
                0x00000000000004d8       0x90 ./Drivers/STM32F4xx_HAL_Driver/Src/stm32f4xx_hal_dma.o
 .debug_aranges
                0x0000000000000568       0x58 ./Drivers/STM32F4xx_HAL_Driver/Src/stm32f4xx_hal_gpio.o
 .debug_aranges
                0x00000000000005c0       0x88 ./Drivers/STM32F4xx_HAL_Driver/Src/stm32f4xx_hal_rcc.o
 .debug_aranges
                0x0000000000000648      0x168 ./Drivers/STM32F4xx_HAL_Driver/Src/stm32f4xx_hal_sd.o
 .debug_aranges
                0x00000000000007b0      0x1d0 ./Drivers/STM32F4xx_HAL_Driver/Src/stm32f4xx_hal_spi.o
 .debug_aranges
                0x0000000000000980      0x3d0 ./Drivers/STM32F4xx_HAL_Driver/Src/stm32f4xx_hal_tim.o
 .debug_aranges
                0x0000000000000d50      0x168 ./Drivers/STM32F4xx_HAL_Driver/Src/stm32f4xx_hal_tim_ex.o
 .debug_aranges
                0x0000000000000eb8      0x200 ./Drivers/STM32F4xx_HAL_Driver/Src/stm32f4xx_hal_uart.o
 .debug_aranges
                0x00000000000010b8      0x188 ./Drivers/STM32F4xx_HAL_Driver/Src/stm32f4xx_ll_sdmmc.o
 .debug_aranges
                0x0000000000001240       0x28 ./FATFS/App/fatfs.o
 .debug_aranges
                0x0000000000001268       0xa0 ./FATFS/Target/bsp_driver_sd.o
 .debug_aranges
                0x0000000000001308       0x60 ./FATFS/Target/sd_diskio.o
 .debug_aranges
                0x0000000000001368       0x48 ./Middlewares/Third_Party/FatFs/src/diskio.o
 .debug_aranges
                0x00000000000013b0      0x208 ./Middlewares/Third_Party/FatFs/src/ff.o
 .debug_aranges
                0x00000000000015b8       0x40 ./Middlewares/Third_Party/FatFs/src/ff_gen_drv.o

.debug_ranges   0x0000000000000000     0x1450
 .debug_ranges  0x0000000000000000       0x30 ./Core/Src/SD_FATFS.o
 .debug_ranges  0x0000000000000030       0x10 ./Core/Src/dma.o
 .debug_ranges  0x0000000000000040       0x10 ./Core/Src/gpio.o
 .debug_ranges  0x0000000000000050       0x48 ./Core/Src/main.o
 .debug_ranges  0x0000000000000098       0x10 ./Core/Src/mcp3208.o
 .debug_ranges  0x00000000000000a8       0x20 ./Core/Src/sdio.o
 .debug_ranges  0x00000000000000c8       0x20 ./Core/Src/spi.o
 .debug_ranges  0x00000000000000e8       0x10 ./Core/Src/stm32f4xx_hal_msp.o
 .debug_ranges  0x00000000000000f8       0x80 ./Core/Src/stm32f4xx_it.o
 .debug_ranges  0x0000000000000178       0x18 ./Core/Src/system_stm32f4xx.o
 .debug_ranges  0x0000000000000190       0x38 ./Core/Src/tim.o
 .debug_ranges  0x00000000000001c8       0x20 ./Core/Src/usart.o
 .debug_ranges  0x00000000000001e8       0x20 ./Core/Startup/startup_stm32f411ceux.o
 .debug_ranges  0x0000000000000208       0xe0 ./Drivers/STM32F4xx_HAL_Driver/Src/stm32f4xx_hal.o
 .debug_ranges  0x00000000000002e8      0x108 ./Drivers/STM32F4xx_HAL_Driver/Src/stm32f4xx_hal_cortex.o
 .debug_ranges  0x00000000000003f0       0x80 ./Drivers/STM32F4xx_HAL_Driver/Src/stm32f4xx_hal_dma.o
 .debug_ranges  0x0000000000000470       0x48 ./Drivers/STM32F4xx_HAL_Driver/Src/stm32f4xx_hal_gpio.o
 .debug_ranges  0x00000000000004b8       0x78 ./Drivers/STM32F4xx_HAL_Driver/Src/stm32f4xx_hal_rcc.o
 .debug_ranges  0x0000000000000530      0x158 ./Drivers/STM32F4xx_HAL_Driver/Src/stm32f4xx_hal_sd.o
 .debug_ranges  0x0000000000000688      0x1c0 ./Drivers/STM32F4xx_HAL_Driver/Src/stm32f4xx_hal_spi.o
 .debug_ranges  0x0000000000000848      0x3c0 ./Drivers/STM32F4xx_HAL_Driver/Src/stm32f4xx_hal_tim.o
 .debug_ranges  0x0000000000000c08      0x158 ./Drivers/STM32F4xx_HAL_Driver/Src/stm32f4xx_hal_tim_ex.o
 .debug_ranges  0x0000000000000d60      0x220 ./Drivers/STM32F4xx_HAL_Driver/Src/stm32f4xx_hal_uart.o
 .debug_ranges  0x0000000000000f80      0x178 ./Drivers/STM32F4xx_HAL_Driver/Src/stm32f4xx_ll_sdmmc.o
 .debug_ranges  0x00000000000010f8       0x18 ./FATFS/App/fatfs.o
 .debug_ranges  0x0000000000001110       0x90 ./FATFS/Target/bsp_driver_sd.o
 .debug_ranges  0x00000000000011a0       0x50 ./FATFS/Target/sd_diskio.o
 .debug_ranges  0x00000000000011f0       0x38 ./Middlewares/Third_Party/FatFs/src/diskio.o
 .debug_ranges  0x0000000000001228      0x1f8 ./Middlewares/Third_Party/FatFs/src/ff.o
 .debug_ranges  0x0000000000001420       0x30 ./Middlewares/Third_Party/FatFs/src/ff_gen_drv.o

.debug_macro    0x0000000000000000    0x1aa9a
 .debug_macro   0x0000000000000000      0x42e ./Core/Src/SD_FATFS.o
 .debug_macro   0x000000000000042e      0xa78 ./Core/Src/SD_FATFS.o
 .debug_macro   0x0000000000000ea6       0x22 ./Core/Src/SD_FATFS.o
 .debug_macro   0x0000000000000ec8       0x4c ./Core/Src/SD_FATFS.o
 .debug_macro   0x0000000000000f14       0x1e ./Core/Src/SD_FATFS.o
 .debug_macro   0x0000000000000f32       0x94 ./Core/Src/SD_FATFS.o
 .debug_macro   0x0000000000000fc6       0x3c ./Core/Src/SD_FATFS.o
 .debug_macro   0x0000000000001002       0x34 ./Core/Src/SD_FATFS.o
 .debug_macro   0x0000000000001036       0x16 ./Core/Src/SD_FATFS.o
 .debug_macro   0x000000000000104c       0x57 ./Core/Src/SD_FATFS.o
 .debug_macro   0x00000000000010a3       0x97 ./Core/Src/SD_FATFS.o
 .debug_macro   0x000000000000113a      0x341 ./Core/Src/SD_FATFS.o
 .debug_macro   0x000000000000147b       0xfd ./Core/Src/SD_FATFS.o
 .debug_macro   0x0000000000001578       0x10 ./Core/Src/SD_FATFS.o
 .debug_macro   0x0000000000001588       0x16 ./Core/Src/SD_FATFS.o
 .debug_macro   0x000000000000159e       0x43 ./Core/Src/SD_FATFS.o
 .debug_macro   0x00000000000015e1       0x34 ./Core/Src/SD_FATFS.o
 .debug_macro   0x0000000000001615       0x10 ./Core/Src/SD_FATFS.o
 .debug_macro   0x0000000000001625       0x58 ./Core/Src/SD_FATFS.o
 .debug_macro   0x000000000000167d       0x71 ./Core/Src/SD_FATFS.o
 .debug_macro   0x00000000000016ee       0x1c ./Core/Src/SD_FATFS.o
 .debug_macro   0x000000000000170a      0x12a ./Core/Src/SD_FATFS.o
 .debug_macro   0x0000000000001834       0x10 ./Core/Src/SD_FATFS.o
 .debug_macro   0x0000000000001844       0x6a ./Core/Src/SD_FATFS.o
 .debug_macro   0x00000000000018ae       0x1c ./Core/Src/SD_FATFS.o
 .debug_macro   0x00000000000018ca       0x52 ./Core/Src/SD_FATFS.o
 .debug_macro   0x000000000000191c       0x22 ./Core/Src/SD_FATFS.o
 .debug_macro   0x000000000000193e       0x10 ./Core/Src/SD_FATFS.o
 .debug_macro   0x000000000000194e       0x52 ./Core/Src/SD_FATFS.o
 .debug_macro   0x00000000000019a0       0xd5 ./Core/Src/SD_FATFS.o
 .debug_macro   0x0000000000001a75       0x1c ./Core/Src/SD_FATFS.o
 .debug_macro   0x0000000000001a91       0x3d ./Core/Src/SD_FATFS.o
 .debug_macro   0x0000000000001ace       0x16 ./Core/Src/SD_FATFS.o
 .debug_macro   0x0000000000001ae4      0x145 ./Core/Src/SD_FATFS.o
 .debug_macro   0x0000000000001c29       0x16 ./Core/Src/SD_FATFS.o
 .debug_macro   0x0000000000001c3f       0x35 ./Core/Src/SD_FATFS.o
 .debug_macro   0x0000000000001c74       0x20 ./Core/Src/SD_FATFS.o
 .debug_macro   0x0000000000001c94      0x2a7 ./Core/Src/SD_FATFS.o
 .debug_macro   0x0000000000001f3b       0x2e ./Core/Src/SD_FATFS.o
 .debug_macro   0x0000000000001f69       0x28 ./Core/Src/SD_FATFS.o
 .debug_macro   0x0000000000001f91      0x103 ./Core/Src/SD_FATFS.o
 .debug_macro   0x0000000000002094      0x1df ./Core/Src/SD_FATFS.o
 .debug_macro   0x0000000000002273       0x1c ./Core/Src/SD_FATFS.o
 .debug_macro   0x000000000000228f       0x22 ./Core/Src/SD_FATFS.o
 .debug_macro   0x00000000000022b1       0xd9 ./Core/Src/SD_FATFS.o
 .debug_macro   0x000000000000238a     0x102d ./Core/Src/SD_FATFS.o
 .debug_macro   0x00000000000033b7      0x11f ./Core/Src/SD_FATFS.o
 .debug_macro   0x00000000000034d6     0xb953 ./Core/Src/SD_FATFS.o
 .debug_macro   0x000000000000ee29       0x6d ./Core/Src/SD_FATFS.o
 .debug_macro   0x000000000000ee96     0x367e ./Core/Src/SD_FATFS.o
 .debug_macro   0x0000000000012514       0x56 ./Core/Src/SD_FATFS.o
 .debug_macro   0x000000000001256a      0x447 ./Core/Src/SD_FATFS.o
 .debug_macro   0x00000000000129b1      0x9fe ./Core/Src/SD_FATFS.o
 .debug_macro   0x00000000000133af      0x115 ./Core/Src/SD_FATFS.o
 .debug_macro   0x00000000000134c4      0x11b ./Core/Src/SD_FATFS.o
 .debug_macro   0x00000000000135df       0xa5 ./Core/Src/SD_FATFS.o
 .debug_macro   0x0000000000013684      0x15f ./Core/Src/SD_FATFS.o
 .debug_macro   0x00000000000137e3      0x287 ./Core/Src/SD_FATFS.o
 .debug_macro   0x0000000000013a6a       0x5f ./Core/Src/SD_FATFS.o
 .debug_macro   0x0000000000013ac9      0x236 ./Core/Src/SD_FATFS.o
 .debug_macro   0x0000000000013cff      0x132 ./Core/Src/SD_FATFS.o
 .debug_macro   0x0000000000013e31      0x264 ./Core/Src/SD_FATFS.o
 .debug_macro   0x0000000000014095       0x2e ./Core/Src/SD_FATFS.o
 .debug_macro   0x00000000000140c3      0x11a ./Core/Src/SD_FATFS.o
 .debug_macro   0x00000000000141dd       0x85 ./Core/Src/SD_FATFS.o
 .debug_macro   0x0000000000014262       0x89 ./Core/Src/SD_FATFS.o
 .debug_macro   0x00000000000142eb      0x861 ./Core/Src/SD_FATFS.o
 .debug_macro   0x0000000000014b4c      0x1d5 ./Core/Src/SD_FATFS.o
 .debug_macro   0x0000000000014d21      0x225 ./Core/Src/SD_FATFS.o
 .debug_macro   0x0000000000014f46      0x8e6 ./Core/Src/SD_FATFS.o
 .debug_macro   0x000000000001582c       0x47 ./Core/Src/SD_FATFS.o
 .debug_macro   0x0000000000015873      0x295 ./Core/Src/SD_FATFS.o
 .debug_macro   0x0000000000015b08      0x126 ./Core/Src/SD_FATFS.o
 .debug_macro   0x0000000000015c2e       0x22 ./Core/Src/SD_FATFS.o
 .debug_macro   0x0000000000015c50       0x3a ./Core/Src/SD_FATFS.o
 .debug_macro   0x0000000000015c8a       0xe5 ./Core/Src/SD_FATFS.o
 .debug_macro   0x0000000000015d6f       0x16 ./Core/Src/SD_FATFS.o
 .debug_macro   0x0000000000015d85       0x16 ./Core/Src/SD_FATFS.o
 .debug_macro   0x0000000000015d9b       0x29 ./Core/Src/SD_FATFS.o
 .debug_macro   0x0000000000015dc4       0x12 ./Core/Src/SD_FATFS.o
 .debug_macro   0x0000000000015dd6       0xdb ./Core/Src/SD_FATFS.o
 .debug_macro   0x0000000000015eb1       0x8e ./Core/Src/SD_FATFS.o
 .debug_macro   0x0000000000015f3f       0x16 ./Core/Src/SD_FATFS.o
 .debug_macro   0x0000000000015f55      0x20a ./Core/Src/dma.o
 .debug_macro   0x000000000001615f       0x8e ./Core/Src/dma.o
 .debug_macro   0x00000000000161ed       0x51 ./Core/Src/dma.o
 .debug_macro   0x000000000001623e      0x174 ./Core/Src/dma.o
 .debug_macro   0x00000000000163b2       0x5c ./Core/Src/dma.o
 .debug_macro   0x000000000001640e      0x20a ./Core/Src/gpio.o
 .debug_macro   0x0000000000016618      0x447 ./Core/Src/main.o
 .debug_macro   0x0000000000016a5f       0x52 ./Core/Src/main.o
 .debug_macro   0x0000000000016ab1       0xe2 ./Core/Src/main.o
 .debug_macro   0x0000000000016b93       0x1c ./Core/Src/main.o
 .debug_macro   0x0000000000016baf       0x1c ./Core/Src/main.o
 .debug_macro   0x0000000000016bcb       0x1c ./Core/Src/main.o
 .debug_macro   0x0000000000016be7      0x359 ./Core/Src/mcp3208.o
 .debug_macro   0x0000000000016f40       0x16 ./Core/Src/mcp3208.o
 .debug_macro   0x0000000000016f56      0x20a ./Core/Src/sdio.o
 .debug_macro   0x0000000000017160      0x20a ./Core/Src/spi.o
 .debug_macro   0x000000000001736a      0x200 ./Core/Src/stm32f4xx_hal_msp.o
 .debug_macro   0x000000000001756a      0x20a ./Core/Src/stm32f4xx_it.o
 .debug_macro   0x0000000000017774      0x1f1 ./Core/Src/system_stm32f4xx.o
 .debug_macro   0x0000000000017965      0x228 ./Core/Src/tim.o
 .debug_macro   0x0000000000017b8d      0x20a ./Core/Src/usart.o
 .debug_macro   0x0000000000017d97      0x251 ./Drivers/STM32F4xx_HAL_Driver/Src/stm32f4xx_hal.o
 .debug_macro   0x0000000000017fe8      0x1f1 ./Drivers/STM32F4xx_HAL_Driver/Src/stm32f4xx_hal_cortex.o
 .debug_macro   0x00000000000181d9      0x1f7 ./Drivers/STM32F4xx_HAL_Driver/Src/stm32f4xx_hal_dma.o
 .debug_macro   0x00000000000183d0      0x1f7 ./Drivers/STM32F4xx_HAL_Driver/Src/stm32f4xx_hal_gpio.o
 .debug_macro   0x00000000000185c7      0x215 ./Drivers/STM32F4xx_HAL_Driver/Src/stm32f4xx_hal_rcc.o
 .debug_macro   0x00000000000187dc      0x1f2 ./Drivers/STM32F4xx_HAL_Driver/Src/stm32f4xx_hal_sd.o
 .debug_macro   0x00000000000189ce      0x200 ./Drivers/STM32F4xx_HAL_Driver/Src/stm32f4xx_hal_spi.o
 .debug_macro   0x0000000000018bce      0x1f2 ./Drivers/STM32F4xx_HAL_Driver/Src/stm32f4xx_hal_tim.o
 .debug_macro   0x0000000000018dc0      0x1f1 ./Drivers/STM32F4xx_HAL_Driver/Src/stm32f4xx_hal_tim_ex.o
 .debug_macro   0x0000000000018fb1      0x1f2 ./Drivers/STM32F4xx_HAL_Driver/Src/stm32f4xx_hal_uart.o
 .debug_macro   0x00000000000191a3      0x1f2 ./Drivers/STM32F4xx_HAL_Driver/Src/stm32f4xx_ll_sdmmc.o
 .debug_macro   0x0000000000019395      0x32e ./FATFS/App/fatfs.o
 .debug_macro   0x00000000000196c3      0x200 ./FATFS/Target/bsp_driver_sd.o
 .debug_macro   0x00000000000198c3       0x34 ./FATFS/Target/bsp_driver_sd.o
 .debug_macro   0x00000000000198f7      0x361 ./FATFS/Target/sd_diskio.o
 .debug_macro   0x0000000000019c58       0x16 ./FATFS/Target/sd_diskio.o
 .debug_macro   0x0000000000019c6e       0x7c ./FATFS/Target/sd_diskio.o
 .debug_macro   0x0000000000019cea      0x31b ./Middlewares/Third_Party/FatFs/src/diskio.o
 .debug_macro   0x000000000001a005      0x722 ./Middlewares/Third_Party/FatFs/src/ff.o
 .debug_macro   0x000000000001a727       0x58 ./Middlewares/Third_Party/FatFs/src/ff.o
 .debug_macro   0x000000000001a77f      0x31b ./Middlewares/Third_Party/FatFs/src/ff_gen_drv.o

.debug_line     0x0000000000000000    0x1c9cb
 .debug_line    0x0000000000000000      0xa61 ./Core/Src/SD_FATFS.o
 .debug_line    0x0000000000000a61      0x6de ./Core/Src/dma.o
 .debug_line    0x000000000000113f      0x6f6 ./Core/Src/gpio.o
 .debug_line    0x0000000000001835      0xdb9 ./Core/Src/main.o
 .debug_line    0x00000000000025ee      0x951 ./Core/Src/mcp3208.o
 .debug_line    0x0000000000002f3f      0x7b1 ./Core/Src/sdio.o
 .debug_line    0x00000000000036f0      0x796 ./Core/Src/spi.o
 .debug_line    0x0000000000003e86      0x6dc ./Core/Src/stm32f4xx_hal_msp.o
 .debug_line    0x0000000000004562      0x82f ./Core/Src/stm32f4xx_it.o
 .debug_line    0x0000000000004d91      0x75e ./Core/Src/system_stm32f4xx.o
 .debug_line    0x00000000000054ef      0x90c ./Core/Src/tim.o
 .debug_line    0x0000000000005dfb      0x746 ./Core/Src/usart.o
 .debug_line    0x0000000000006541       0x88 ./Core/Startup/startup_stm32f411ceux.o
 .debug_line    0x00000000000065c9      0x9c4 ./Drivers/STM32F4xx_HAL_Driver/Src/stm32f4xx_hal.o
 .debug_line    0x0000000000006f8d      0xc73 ./Drivers/STM32F4xx_HAL_Driver/Src/stm32f4xx_hal_cortex.o
 .debug_line    0x0000000000007c00      0xf28 ./Drivers/STM32F4xx_HAL_Driver/Src/stm32f4xx_hal_dma.o
 .debug_line    0x0000000000008b28      0xafc ./Drivers/STM32F4xx_HAL_Driver/Src/stm32f4xx_hal_gpio.o
 .debug_line    0x0000000000009624      0xd3e ./Drivers/STM32F4xx_HAL_Driver/Src/stm32f4xx_hal_rcc.o
 .debug_line    0x000000000000a362     0x1df1 ./Drivers/STM32F4xx_HAL_Driver/Src/stm32f4xx_hal_sd.o
 .debug_line    0x000000000000c153     0x1c4e ./Drivers/STM32F4xx_HAL_Driver/Src/stm32f4xx_hal_spi.o
 .debug_line    0x000000000000dda1     0x3492 ./Drivers/STM32F4xx_HAL_Driver/Src/stm32f4xx_hal_tim.o
 .debug_line    0x0000000000011233     0x195c ./Drivers/STM32F4xx_HAL_Driver/Src/stm32f4xx_hal_tim_ex.o
 .debug_line    0x0000000000012b8f     0x2a69 ./Drivers/STM32F4xx_HAL_Driver/Src/stm32f4xx_hal_uart.o
 .debug_line    0x00000000000155f8      0xf57 ./Drivers/STM32F4xx_HAL_Driver/Src/stm32f4xx_ll_sdmmc.o
 .debug_line    0x000000000001654f      0x8cf ./FATFS/App/fatfs.o
 .debug_line    0x0000000000016e1e      0x8ad ./FATFS/Target/bsp_driver_sd.o
 .debug_line    0x00000000000176cb      0xae0 ./FATFS/Target/sd_diskio.o
 .debug_line    0x00000000000181ab      0x940 ./Middlewares/Third_Party/FatFs/src/diskio.o
 .debug_line    0x0000000000018aeb     0x3582 ./Middlewares/Third_Party/FatFs/src/ff.o
 .debug_line    0x000000000001c06d      0x95e ./Middlewares/Third_Party/FatFs/src/ff_gen_drv.o

.debug_str      0x0000000000000000    0x97172
 .debug_str     0x0000000000000000    0x90c7a ./Core/Src/SD_FATFS.o
                                      0x90f33 (size before relaxing)
 .debug_str     0x0000000000090c7a      0x4ea ./Core/Src/dma.o
                                      0x8cb50 (size before relaxing)
 .debug_str     0x0000000000091164       0xe9 ./Core/Src/gpio.o
                                      0x8cc1e (size before relaxing)
 .debug_str     0x000000000009124d      0xb8a ./Core/Src/main.o
                                      0x91ca5 (size before relaxing)
 .debug_str     0x0000000000091dd7       0xa2 ./Core/Src/mcp3208.o
                                      0x90b74 (size before relaxing)
 .debug_str     0x0000000000091e79      0x240 ./Core/Src/sdio.o